[    0.000000] Initializing cgroup subsys cpuset
[    0.000000] Initializing cgroup subsys cpu
[    0.000000] Initializing cgroup subsys cpuacct
[    0.000000] Linux version 3.13.0-35-generic (buildd@panlong) (gcc version 4.8.2 (Ubuntu 4.8.2-19ubuntu1) ) #62-Ubuntu SMP Fri Aug 15 01:58:42 UTC 2014 (Ubuntu 3.13.0-35.62-generic 3.13.11.6)
[    0.000000] Command line: BOOT_IMAGE=/boot/vmlinuz-3.13.0-35-generic root=UUID=260170c3-6b71-48c4-87fa-546ad4d28fcc ro quiet splash vt.handoff=7
[    0.000000] KERNEL supported cpus:
[    0.000000]   Intel GenuineIntel
[    0.000000]   AMD AuthenticAMD
[    0.000000]   Centaur CentaurHauls
[    0.000000] e820: BIOS-provided physical RAM map:
[    0.000000] BIOS-e820: [mem 0x0000000000000000-0x000000000009d7ff] usable
[    0.000000] BIOS-e820: [mem 0x000000000009d800-0x000000000009ffff] reserved
[    0.000000] BIOS-e820: [mem 0x00000000000e0000-0x00000000000fffff] reserved
[    0.000000] BIOS-e820: [mem 0x0000000000100000-0x000000001fffffff] usable
[    0.000000] BIOS-e820: [mem 0x0000000020000000-0x00000000201fffff] reserved
[    0.000000] BIOS-e820: [mem 0x0000000020200000-0x000000003fffffff] usable
[    0.000000] BIOS-e820: [mem 0x0000000040000000-0x00000000401fffff] reserved
[    0.000000] BIOS-e820: [mem 0x0000000040200000-0x00000000ca544fff] usable
[    0.000000] BIOS-e820: [mem 0x00000000ca545000-0x00000000ca587fff] ACPI NVS
[    0.000000] BIOS-e820: [mem 0x00000000ca588000-0x00000000ca6eafff] usable
[    0.000000] BIOS-e820: [mem 0x00000000ca6eb000-0x00000000ca96afff] reserved
[    0.000000] BIOS-e820: [mem 0x00000000ca96b000-0x00000000cabd7fff] usable
[    0.000000] BIOS-e820: [mem 0x00000000cabd8000-0x00000000cad67fff] reserved
[    0.000000] BIOS-e820: [mem 0x00000000cad68000-0x00000000cafe7fff] ACPI NVS
[    0.000000] BIOS-e820: [mem 0x00000000cafe8000-0x00000000caffffff] ACPI data
[    0.000000] BIOS-e820: [mem 0x00000000cb800000-0x00000000cf9fffff] reserved
[    0.000000] BIOS-e820: [mem 0x00000000f8000000-0x00000000fbffffff] reserved
[    0.000000] BIOS-e820: [mem 0x00000000fec00000-0x00000000fec00fff] reserved
[    0.000000] BIOS-e820: [mem 0x00000000fed00000-0x00000000fed03fff] reserved
[    0.000000] BIOS-e820: [mem 0x00000000fed1c000-0x00000000fed1ffff] reserved
[    0.000000] BIOS-e820: [mem 0x00000000fee00000-0x00000000fee00fff] reserved
[    0.000000] BIOS-e820: [mem 0x00000000ff000000-0x00000000ffffffff] reserved
[    0.000000] BIOS-e820: [mem 0x0000000100000000-0x00000001afdfffff] usable
[    0.000000] NX (Execute Disable) protection: active
[    0.000000] SMBIOS 2.6 present.
[    0.000000] DMI: TOSHIBA Satellite P755/PEQAA, BIOS 1.90 04/27/2011
[    0.000000] e820: update [mem 0x00000000-0x00000fff] usable ==> reserved
[    0.000000] e820: remove [mem 0x000a0000-0x000fffff] usable
[    0.000000] No AGP bridge found
[    0.000000] e820: last_pfn = 0x1afe00 max_arch_pfn = 0x400000000
[    0.000000] MTRR default type: uncachable
[    0.000000] MTRR fixed ranges enabled:
[    0.000000]   00000-9FFFF write-back
[    0.000000]   A0000-BFFFF uncachable
[    0.000000]   C0000-CFFFF write-protect
[    0.000000]   D0000-E7FFF uncachable
[    0.000000]   E8000-FFFFF write-protect
[    0.000000] MTRR variable ranges enabled:
[    0.000000]   0 base 000000000 mask E00000000 write-back
[    0.000000]   1 base 0CB800000 mask FFF800000 uncachable
[    0.000000]   2 base 0CC000000 mask FFC000000 uncachable
[    0.000000]   3 base 0D0000000 mask FF0000000 uncachable
[    0.000000]   4 base 0E0000000 mask FE0000000 uncachable
[    0.000000]   5 base 1AFE00000 mask FFFE00000 uncachable
[    0.000000]   6 base 1B0000000 mask FF0000000 uncachable
[    0.000000]   7 base 1C0000000 mask FC0000000 uncachable
[    0.000000]   8 disabled
[    0.000000]   9 disabled
[    0.000000] x86 PAT enabled: cpu 0, old 0x7040600070406, new 0x7010600070106
[    0.000000] original variable MTRRs
[    0.000000] reg 0, base: 0GB, range: 8GB, type WB
[    0.000000] reg 1, base: 3256MB, range: 8MB, type UC
[    0.000000] reg 2, base: 3264MB, range: 64MB, type UC
[    0.000000] reg 3, base: 3328MB, range: 256MB, type UC
[    0.000000] reg 4, base: 3584MB, range: 512MB, type UC
[    0.000000] reg 5, base: 6910MB, range: 2MB, type UC
[    0.000000] reg 6, base: 6912MB, range: 256MB, type UC
[    0.000000] reg 7, base: 7GB, range: 1GB, type UC
[    0.000000] total RAM covered: 6070M
[    0.000000] Found optimal setting for mtrr clean up
[    0.000000]  gran_size: 64K 	chunk_size: 16M 	num_reg: 9  	lose cover RAM: 0G
[    0.000000] New variable MTRRs
[    0.000000] reg 0, base: 0GB, range: 2GB, type WB
[    0.000000] reg 1, base: 2GB, range: 1GB, type WB
[    0.000000] reg 2, base: 3GB, range: 128MB, type WB
[    0.000000] reg 3, base: 3200MB, range: 64MB, type WB
[    0.000000] reg 4, base: 3256MB, range: 8MB, type UC
[    0.000000] reg 5, base: 4GB, range: 2GB, type WB
[    0.000000] reg 6, base: 6GB, range: 512MB, type WB
[    0.000000] reg 7, base: 6656MB, range: 256MB, type WB
[    0.000000] reg 8, base: 6910MB, range: 2MB, type UC
[    0.000000] e820: update [mem 0xcb800000-0xffffffff] usable ==> reserved
[    0.000000] e820: last_pfn = 0xcabd8 max_arch_pfn = 0x400000000
[    0.000000] found SMP MP-table at [mem 0x000fcd30-0x000fcd3f] mapped at [ffff8800000fcd30]
[    0.000000] Scanning 1 areas for low memory corruption
[    0.000000] Base memory trampoline at [ffff880000097000] 97000 size 24576
[    0.000000] reserving inaccessible SNB gfx pages
[    0.000000] init_memory_mapping: [mem 0x00000000-0x000fffff]
[    0.000000]  [mem 0x00000000-0x000fffff] page 4k
[    0.000000] BRK [0x01fdf000, 0x01fdffff] PGTABLE
[    0.000000] BRK [0x01fe0000, 0x01fe0fff] PGTABLE
[    0.000000] BRK [0x01fe1000, 0x01fe1fff] PGTABLE
[    0.000000] init_memory_mapping: [mem 0x1afc00000-0x1afdfffff]
[    0.000000]  [mem 0x1afc00000-0x1afdfffff] page 2M
[    0.000000] BRK [0x01fe2000, 0x01fe2fff] PGTABLE
[    0.000000] init_memory_mapping: [mem 0x1ac000000-0x1afbfffff]
[    0.000000]  [mem 0x1ac000000-0x1afbfffff] page 2M
[    0.000000] init_memory_mapping: [mem 0x180000000-0x1abffffff]
[    0.000000]  [mem 0x180000000-0x1abffffff] page 2M
[    0.000000] init_memory_mapping: [mem 0x00100000-0x1fffffff]
[    0.000000]  [mem 0x00100000-0x001fffff] page 4k
[    0.000000]  [mem 0x00200000-0x1fffffff] page 2M
[    0.000000] init_memory_mapping: [mem 0x20200000-0x3fffffff]
[    0.000000]  [mem 0x20200000-0x3fffffff] page 2M
[    0.000000] init_memory_mapping: [mem 0x40200000-0xca544fff]
[    0.000000]  [mem 0x40200000-0xca3fffff] page 2M
[    0.000000]  [mem 0xca400000-0xca544fff] page 4k
[    0.000000] BRK [0x01fe3000, 0x01fe3fff] PGTABLE
[    0.000000] BRK [0x01fe4000, 0x01fe4fff] PGTABLE
[    0.000000] init_memory_mapping: [mem 0xca588000-0xca6eafff]
[    0.000000]  [mem 0xca588000-0xca6eafff] page 4k
[    0.000000] init_memory_mapping: [mem 0xca96b000-0xcabd7fff]
[    0.000000]  [mem 0xca96b000-0xcabd7fff] page 4k
[    0.000000] init_memory_mapping: [mem 0x100000000-0x17fffffff]
[    0.000000]  [mem 0x100000000-0x17fffffff] page 2M
[    0.000000] RAMDISK: [mem 0x34b5e000-0x365a6fff]
[    0.000000] ACPI: RSDP 00000000000f0430 000024 (v02 TOSCPL)
[    0.000000] ACPI: XSDT 00000000cafce070 00005C (v01 TOSCPL TOSCPL00 01072009 AMI  00010013)
[    0.000000] ACPI: FACP 00000000cafdd8c8 0000F4 (v04 TOSCPL TOSCPL00 01072009 AMI  00010013)
[    0.000000] ACPI: DSDT 00000000cafce158 00F76D (v02 TOSCPL TOSCPL00 0000003A INTL 20051117)
[    0.000000] ACPI: FACS 00000000cafdff80 000040
[    0.000000] ACPI: APIC 00000000cafdd9c0 000072 (v03 TOSCPL TOSCPL00 01072009 AMI  00010013)
[    0.000000] ACPI: MCFG 00000000cafdda38 00003C (v01 TOSCPL TOSCPL00 01072009 MSFT 00000097)
[    0.000000] ACPI: SLIC 00000000cafdda78 000176 (v01 TOSCPL TOSCPL00 01072009 AMI  00010013)
[    0.000000] ACPI: HPET 00000000cafddbf0 000038 (v01 TOSCPL TOSCPL00 01072009 AMI. 00000004)
[    0.000000] ACPI: SSDT 00000000cafddc28 00090C (v01  PmRef  Cpu0Ist 00003000 INTL 20051117)
[    0.000000] ACPI: SSDT 00000000cafde538 000996 (v01  PmRef    CpuPm 00003000 INTL 20051117)
[    0.000000] ACPI: Local APIC address 0xfee00000
[    0.000000] No NUMA configuration found
[    0.000000] Faking a node at [mem 0x0000000000000000-0x00000001afdfffff]
[    0.000000] Initmem setup node 0 [mem 0x00000000-0x1afdfffff]
[    0.000000]   NODE_DATA [mem 0x1afdf4000-0x1afdf8fff]
[    0.000000]  [ffffea0000000000-ffffea0006bfffff] PMD -> [ffff8801a9400000-ffff8801af3fffff] on node 0
[    0.000000] Zone ranges:
[    0.000000]   DMA      [mem 0x00001000-0x00ffffff]
[    0.000000]   DMA32    [mem 0x01000000-0xffffffff]
[    0.000000]   Normal   [mem 0x100000000-0x1afdfffff]
[    0.000000] Movable zone start for each node
[    0.000000] Early memory node ranges
[    0.000000]   node   0: [mem 0x00001000-0x0009cfff]
[    0.000000]   node   0: [mem 0x00100000-0x1fffffff]
[    0.000000]   node   0: [mem 0x20200000-0x3fffffff]
[    0.000000]   node   0: [mem 0x40200000-0xca544fff]
[    0.000000]   node   0: [mem 0xca588000-0xca6eafff]
[    0.000000]   node   0: [mem 0xca96b000-0xcabd7fff]
[    0.000000]   node   0: [mem 0x100000000-0x1afdfffff]
[    0.000000] On node 0 totalpages: 1548977
[    0.000000]   DMA zone: 64 pages used for memmap
[    0.000000]   DMA zone: 156 pages reserved
[    0.000000]   DMA zone: 3996 pages, LIFO batch:0
[    0.000000]   DMA32 zone: 12885 pages used for memmap
[    0.000000]   DMA32 zone: 824597 pages, LIFO batch:31
[    0.000000]   Normal zone: 11256 pages used for memmap
[    0.000000]   Normal zone: 720384 pages, LIFO batch:31
[    0.000000] ACPI: PM-Timer IO Port: 0x408
[    0.000000] ACPI: Local APIC address 0xfee00000
[    0.000000] ACPI: LAPIC (acpi_id[0x01] lapic_id[0x00] enabled)
[    0.000000] ACPI: LAPIC (acpi_id[0x02] lapic_id[0x02] enabled)
[    0.000000] ACPI: LAPIC (acpi_id[0x03] lapic_id[0x01] enabled)
[    0.000000] ACPI: LAPIC (acpi_id[0x04] lapic_id[0x03] enabled)
[    0.000000] ACPI: LAPIC_NMI (acpi_id[0xff] high edge lint[0x1])
[    0.000000] ACPI: IOAPIC (id[0x02] address[0xfec00000] gsi_base[0])
[    0.000000] IOAPIC[0]: apic_id 2, version 32, address 0xfec00000, GSI 0-23
[    0.000000] ACPI: INT_SRC_OVR (bus 0 bus_irq 0 global_irq 2 dfl dfl)
[    0.000000] ACPI: INT_SRC_OVR (bus 0 bus_irq 9 global_irq 9 high level)
[    0.000000] ACPI: IRQ0 used by override.
[    0.000000] ACPI: IRQ2 used by override.
[    0.000000] ACPI: IRQ9 used by override.
[    0.000000] Using ACPI (MADT) for SMP configuration information
[    0.000000] ACPI: HPET id: 0x8086a701 base: 0xfed00000
[    0.000000] smpboot: Allowing 4 CPUs, 0 hotplug CPUs
[    0.000000] nr_irqs_gsi: 40
[    0.000000] PM: Registered nosave memory: [mem 0x0009d000-0x0009dfff]
[    0.000000] PM: Registered nosave memory: [mem 0x0009e000-0x0009ffff]
[    0.000000] PM: Registered nosave memory: [mem 0x000a0000-0x000dffff]
[    0.000000] PM: Registered nosave memory: [mem 0x000e0000-0x000fffff]
[    0.000000] PM: Registered nosave memory: [mem 0x20000000-0x201fffff]
[    0.000000] PM: Registered nosave memory: [mem 0x40000000-0x401fffff]
[    0.000000] PM: Registered nosave memory: [mem 0xca545000-0xca587fff]
[    0.000000] PM: Registered nosave memory: [mem 0xca6eb000-0xca96afff]
[    0.000000] PM: Registered nosave memory: [mem 0xcabd8000-0xcad67fff]
[    0.000000] PM: Registered nosave memory: [mem 0xcad68000-0xcafe7fff]
[    0.000000] PM: Registered nosave memory: [mem 0xcafe8000-0xcaffffff]
[    0.000000] PM: Registered nosave memory: [mem 0xcb000000-0xcb7fffff]
[    0.000000] PM: Registered nosave memory: [mem 0xcb800000-0xcf9fffff]
[    0.000000] PM: Registered nosave memory: [mem 0xcfa00000-0xf7ffffff]
[    0.000000] PM: Registered nosave memory: [mem 0xf8000000-0xfbffffff]
[    0.000000] PM: Registered nosave memory: [mem 0xfc000000-0xfebfffff]
[    0.000000] PM: Registered nosave memory: [mem 0xfec00000-0xfec00fff]
[    0.000000] PM: Registered nosave memory: [mem 0xfec01000-0xfecfffff]
[    0.000000] PM: Registered nosave memory: [mem 0xfed00000-0xfed03fff]
[    0.000000] PM: Registered nosave memory: [mem 0xfed04000-0xfed1bfff]
[    0.000000] PM: Registered nosave memory: [mem 0xfed1c000-0xfed1ffff]
[    0.000000] PM: Registered nosave memory: [mem 0xfed20000-0xfedfffff]
[    0.000000] PM: Registered nosave memory: [mem 0xfee00000-0xfee00fff]
[    0.000000] PM: Registered nosave memory: [mem 0xfee01000-0xfeffffff]
[    0.000000] PM: Registered nosave memory: [mem 0xff000000-0xffffffff]
[    0.000000] e820: [mem 0xcfa00000-0xf7ffffff] available for PCI devices
[    0.000000] Booting paravirtualized kernel on bare hardware
[    0.000000] setup_percpu: NR_CPUS:256 nr_cpumask_bits:256 nr_cpu_ids:4 nr_node_ids:1
[    0.000000] PERCPU: Embedded 29 pages/cpu @ffff8801afa00000 s86336 r8192 d24256 u524288
[    0.000000] pcpu-alloc: s86336 r8192 d24256 u524288 alloc=1*2097152
[    0.000000] pcpu-alloc: [0] 0 1 2 3 
[    0.000000] Built 1 zonelists in Node order, mobility grouping on.  Total pages: 1524616
[    0.000000] Policy zone: Normal
[    0.000000] Kernel command line: BOOT_IMAGE=/boot/vmlinuz-3.13.0-35-generic root=UUID=260170c3-6b71-48c4-87fa-546ad4d28fcc ro quiet splash vt.handoff=7
[    0.000000] PID hash table entries: 4096 (order: 3, 32768 bytes)
[    0.000000] xsave: enabled xstate_bv 0x7, cntxt size 0x340
[    0.000000] Checking aperture...
[    0.000000] No AGP bridge found
[    0.000000] Calgary: detecting Calgary via BIOS EBDA area
[    0.000000] Calgary: Unable to locate Rio Grande table in EBDA - bailing!
[    0.000000] Memory: 5986972K/6195908K available (7372K kernel code, 1144K rwdata, 3404K rodata, 1336K init, 1440K bss, 208936K reserved)
[    0.000000] SLUB: HWalign=64, Order=0-3, MinObjects=0, CPUs=4, Nodes=1
[    0.000000] Hierarchical RCU implementation.
[    0.000000] 	RCU dyntick-idle grace-period acceleration is enabled.
[    0.000000] 	RCU restricting CPUs from NR_CPUS=256 to nr_cpu_ids=4.
[    0.000000] 	Offload RCU callbacks from all CPUs
[    0.000000] 	Offload RCU callbacks from CPUs: 0-3.
[    0.000000] NR_IRQS:16640 nr_irqs:712 16
[    0.000000] Console: colour dummy device 80x25
[    0.000000] console [tty0] enabled
[    0.000000] allocated 25165824 bytes of page_cgroup
[    0.000000] please try 'cgroup_disable=memory' option if you don't want memory cgroups
[    0.000000] hpet clockevent registered
[    0.000000] tsc: Fast TSC calibration using PIT
[    0.004000] tsc: Detected 2095.171 MHz processor
[    0.000002] Calibrating delay loop (skipped), value calculated using timer frequency.. 4190.34 BogoMIPS (lpj=8380684)
[    0.000005] pid_max: default: 32768 minimum: 301
[    0.000027] Security Framework initialized
[    0.000044] AppArmor: AppArmor initialized
[    0.000046] Yama: becoming mindful.
[    0.000694] Dentry cache hash table entries: 1048576 (order: 11, 8388608 bytes)
[    0.002600] Inode-cache hash table entries: 524288 (order: 10, 4194304 bytes)
[    0.003406] Mount-cache hash table entries: 16384 (order: 5, 131072 bytes)
[    0.003419] Mountpoint-cache hash table entries: 16384 (order: 5, 131072 bytes)
[    0.003631] Initializing cgroup subsys memory
[    0.003636] Initializing cgroup subsys devices
[    0.003638] Initializing cgroup subsys freezer
[    0.003640] Initializing cgroup subsys blkio
[    0.003641] Initializing cgroup subsys perf_event
[    0.003644] Initializing cgroup subsys hugetlb
[    0.003667] CPU: Physical Processor ID: 0
[    0.003668] CPU: Processor Core ID: 0
[    0.003673] ENERGY_PERF_BIAS: Set to 'normal', was 'performance'
[    0.003673] ENERGY_PERF_BIAS: View and update with x86_energy_perf_policy(8)
[    0.003676] mce: CPU supports 7 MCE banks
[    0.003688] CPU0: Thermal monitoring enabled (TM1)
[    0.003698] Last level iTLB entries: 4KB 512, 2MB 0, 4MB 0
[    0.003698] Last level dTLB entries: 4KB 512, 2MB 32, 4MB 32
[    0.003698] tlb_flushall_shift: 5
[    0.003838] Freeing SMP alternatives memory: 32K (ffffffff81e6d000 - ffffffff81e75000)
[    0.005537] ACPI: Core revision 20131115
[    0.005539] TOSHIBA Satellite detected - force copy of DSDT to local memory
[    0.005650] ACPI: Forced DSDT copy: length 0x0F76D copied locally, original unmapped
[    0.011962] ACPI: All ACPI Tables successfully acquired
[    0.024259] ftrace: allocating 28537 entries in 112 pages
[    0.040997] ..TIMER: vector=0x30 apic1=0 pin1=2 apic2=-1 pin2=-1
[    0.080704] smpboot: CPU0: Intel(R) Core(TM) i3-2310M CPU @ 2.10GHz (fam: 06, model: 2a, stepping: 07)
[    0.080712] TSC deadline timer enabled
[    0.080726] Performance Events: PEBS fmt1+, 16-deep LBR, SandyBridge events, full-width counters, Intel PMU driver.
[    0.080733] perf_event_intel: PEBS disabled due to CPU errata, please upgrade microcode
[    0.080735] ... version:                3
[    0.080737] ... bit width:              48
[    0.080738] ... generic registers:      4
[    0.080739] ... value mask:             0000ffffffffffff
[    0.080740] ... max period:             0000ffffffffffff
[    0.080741] ... fixed-purpose events:   3
[    0.080742] ... event mask:             000000070000000f
[    0.082416] x86: Booting SMP configuration:
[    0.082419] .... node  #0, CPUs:      #1
[    0.095565] TSC synchronization [CPU#0 -> CPU#1]:
[    0.095568] Measured 4206321 cycles TSC warp between CPUs, turning off TSC clock.
[    0.008000] tsc: Marking TSC unstable due to check_tsc_sync_source failed
[    0.084020] NMI watchdog: enabled on all CPUs, permanently consumes one hw-PMU counter.
[    0.084020]  #2 #3
[    0.109194] x86: Booted up 1 node, 4 CPUs
[    0.109197] smpboot: Total of 4 processors activated (16761.36 BogoMIPS)
[    0.112102] devtmpfs: initialized
[    0.114781] EVM: security.selinux
[    0.114783] EVM: security.SMACK64
[    0.114784] EVM: security.ima
[    0.114785] EVM: security.capability
[    0.114798] PM: Registering ACPI NVS region [mem 0xca545000-0xca587fff] (274432 bytes)
[    0.114798] PM: Registering ACPI NVS region [mem 0xcad68000-0xcafe7fff] (2621440 bytes)
[    0.114798] pinctrl core: initialized pinctrl subsystem
[    0.116051] regulator-dummy: no parameters
[    0.116090] RTC time:  2:40:04, date: 09/25/14
[    0.116124] NET: Registered protocol family 16
[    0.116235] cpuidle: using governor ladder
[    0.116236] cpuidle: using governor menu
[    0.116275] ACPI: bus type PCI registered
[    0.116277] acpiphp: ACPI Hot Plug PCI Controller Driver version: 0.5
[    0.116332] PCI: MMCONFIG for domain 0000 [bus 00-3f] at [mem 0xf8000000-0xfbffffff] (base 0xf8000000)
[    0.116335] PCI: MMCONFIG at [mem 0xf8000000-0xfbffffff] reserved in E820
[    0.123728] PCI: Using configuration type 1 for base access
[    0.124594] bio: create slab <bio-0> at 0
[    0.124594] ACPI: Added _OSI(Module Device)
[    0.124594] ACPI: Added _OSI(Processor Device)
[    0.124594] ACPI: Added _OSI(3.0 _SCP Extensions)
[    0.124594] ACPI: Added _OSI(Processor Aggregator Device)
[    0.141313] ACPI: Executed 1 blocks of module-level executable AML code
[    0.148078] [Firmware Bug]: ACPI: BIOS _OSI(Linux) query ignored
[    0.148481] ACPI: SSDT 00000000cad51718 00067C (v01  PmRef  Cpu0Cst 00003001 INTL 20051117)
[    0.148912] ACPI: Dynamic OEM Table Load:
[    0.148915] ACPI: SSDT           (null) 00067C (v01  PmRef  Cpu0Cst 00003001 INTL 20051117)
[    0.152302] ACPI: SSDT 00000000cad52a98 000303 (v01  PmRef    ApIst 00003000 INTL 20051117)
[    0.152761] ACPI: Dynamic OEM Table Load:
[    0.152764] ACPI: SSDT           (null) 000303 (v01  PmRef    ApIst 00003000 INTL 20051117)
[    0.156161] ACPI: SSDT 00000000cad50d98 000119 (v01  PmRef    ApCst 00003000 INTL 20051117)
[    0.156583] ACPI: Dynamic OEM Table Load:
[    0.156585] ACPI: SSDT           (null) 000119 (v01  PmRef    ApCst 00003000 INTL 20051117)
[    1.888101] ACPI: Interpreter enabled
[    1.888119] ACPI Exception: AE_NOT_FOUND, While evaluating Sleep State [\_S1_] (20131115/hwxface-580)
[    1.888133] ACPI Exception: AE_NOT_FOUND, While evaluating Sleep State [\_S2_] (20131115/hwxface-580)
[    1.888166] ACPI: (supports S0 S3 S4 S5)
[    1.888168] ACPI: Using IOAPIC for interrupt routing
[    1.888193] PCI: Using host bridge windows from ACPI; if necessary, use "pci=nocrs" and report a bug
[    1.888398] ACPI: No dock devices found.
[    1.975259] ACPI: PCI Root Bridge [PCI0] (domain 0000 [bus 00-3e])
[    1.975266] acpi PNP0A08:00: _OSC: OS supports [ExtendedConfig ASPM ClockPM Segments MSI]
[    1.975301] \_SB_.PCI0:_OSC invalid UUID
[    1.975302] _OSC request data:1 1f 0 
[    1.975307] acpi PNP0A08:00: _OSC failed (AE_ERROR); disabling ASPM
[    1.975933] PCI host bridge to bus 0000:00
[    1.975936] pci_bus 0000:00: root bus resource [bus 00-3e]
[    1.975939] pci_bus 0000:00: root bus resource [io  0x0000-0x0cf7]
[    1.975941] pci_bus 0000:00: root bus resource [io  0x0d00-0xffff]
[    1.975943] pci_bus 0000:00: root bus resource [mem 0x000a0000-0x000bffff]
[    1.975945] pci_bus 0000:00: root bus resource [mem 0x000d0000-0x000d3fff]
[    1.975947] pci_bus 0000:00: root bus resource [mem 0x000d4000-0x000d7fff]
[    1.975948] pci_bus 0000:00: root bus resource [mem 0x000d8000-0x000dbfff]
[    1.975950] pci_bus 0000:00: root bus resource [mem 0x000dc000-0x000dffff]
[    1.975952] pci_bus 0000:00: root bus resource [mem 0x000e0000-0x000e3fff]
[    1.975954] pci_bus 0000:00: root bus resource [mem 0x000e4000-0x000e7fff]
[    1.975956] pci_bus 0000:00: root bus resource [mem 0xcfa00000-0xfeafffff]
[    1.975958] pci_bus 0000:00: root bus resource [mem 0xfed40000-0xfed44fff]
[    1.975967] pci 0000:00:00.0: [8086:0104] type 00 class 0x060000
[    1.976063] pci 0000:00:02.0: [8086:0116] type 00 class 0x030000
[    1.976075] pci 0000:00:02.0: reg 0x10: [mem 0xf7800000-0xf7bfffff 64bit]
[    1.976082] pci 0000:00:02.0: reg 0x18: [mem 0xe0000000-0xefffffff 64bit pref]
[    1.976087] pci 0000:00:02.0: reg 0x20: [io  0xf000-0xf03f]
[    1.976210] pci 0000:00:16.0: [8086:1c3a] type 00 class 0x078000
[    1.976237] pci 0000:00:16.0: reg 0x10: [mem 0xf7f0a000-0xf7f0a00f 64bit]
[    1.976322] pci 0000:00:16.0: PME# supported from D0 D3hot D3cold
[    1.976420] pci 0000:00:1a.0: [8086:1c2d] type 00 class 0x0c0320
[    1.976444] pci 0000:00:1a.0: reg 0x10: [mem 0xf7f08000-0xf7f083ff]
[    1.976546] pci 0000:00:1a.0: PME# supported from D0 D3hot D3cold
[    1.976626] pci 0000:00:1a.0: System wakeup disabled by ACPI
[    1.976626] pci 0000:00:1b.0: [8086:1c20] type 00 class 0x040300
[    1.976626] pci 0000:00:1b.0: reg 0x10: [mem 0xf7f00000-0xf7f03fff 64bit]
[    1.976626] pci 0000:00:1b.0: PME# supported from D0 D3hot D3cold
[    1.976626] pci 0000:00:1b.0: System wakeup disabled by ACPI
[    1.976626] pci 0000:00:1c.0: [8086:1c10] type 01 class 0x060400
[    1.976626] pci 0000:00:1c.0: PME# supported from D0 D3hot D3cold
[    1.976626] pci 0000:00:1c.0: System wakeup disabled by ACPI
[    1.976626] pci 0000:00:1c.1: [8086:1c12] type 01 class 0x060400
[    1.976672] pci 0000:00:1c.1: PME# supported from D0 D3hot D3cold
[    1.976732] pci 0000:00:1c.1: System wakeup disabled by ACPI
[    1.976766] pci 0000:00:1c.3: [8086:1c16] type 01 class 0x060400
[    1.976860] pci 0000:00:1c.3: PME# supported from D0 D3hot D3cold
[    1.976919] pci 0000:00:1c.3: System wakeup disabled by ACPI
[    1.976952] pci 0000:00:1c.5: [8086:1c1a] type 01 class 0x060400
[    1.977046] pci 0000:00:1c.5: PME# supported from D0 D3hot D3cold
[    1.977105] pci 0000:00:1c.5: System wakeup disabled by ACPI
[    1.977145] pci 0000:00:1d.0: [8086:1c26] type 00 class 0x0c0320
[    1.977168] pci 0000:00:1d.0: reg 0x10: [mem 0xf7f07000-0xf7f073ff]
[    1.977269] pci 0000:00:1d.0: PME# supported from D0 D3hot D3cold
[    1.977346] pci 0000:00:1d.0: System wakeup disabled by ACPI
[    1.977346] pci 0000:00:1f.0: [8086:1c49] type 00 class 0x060100
[    1.977346] pci 0000:00:1f.2: [8086:1c03] type 00 class 0x010601
[    1.977346] pci 0000:00:1f.2: reg 0x10: [io  0xf0b0-0xf0b7]
[    1.977346] pci 0000:00:1f.2: reg 0x14: [io  0xf0a0-0xf0a3]
[    1.977346] pci 0000:00:1f.2: reg 0x18: [io  0xf090-0xf097]
[    1.977346] pci 0000:00:1f.2: reg 0x1c: [io  0xf080-0xf083]
[    1.977346] pci 0000:00:1f.2: reg 0x20: [io  0xf060-0xf07f]
[    1.977346] pci 0000:00:1f.2: reg 0x24: [mem 0xf7f06000-0xf7f067ff]
[    1.977346] pci 0000:00:1f.2: PME# supported from D3hot
[    1.977346] pci 0000:00:1f.3: [8086:1c22] type 00 class 0x0c0500
[    1.977346] pci 0000:00:1f.3: reg 0x10: [mem 0xf7f05000-0xf7f050ff 64bit]
[    1.977346] pci 0000:00:1f.3: reg 0x20: [io  0xf040-0xf05f]
[    1.977346] pci 0000:01:00.0: [10ec:8136] type 00 class 0x020000
[    1.977346] pci 0000:01:00.0: reg 0x10: [io  0xe000-0xe0ff]
[    1.977346] pci 0000:01:00.0: reg 0x18: [mem 0xf0004000-0xf0004fff 64bit pref]
[    1.977346] pci 0000:01:00.0: reg 0x20: [mem 0xf0000000-0xf0003fff 64bit pref]
[    1.980252] pci 0000:01:00.0: supports D1 D2
[    1.980254] pci 0000:01:00.0: PME# supported from D0 D1 D2 D3hot D3cold
[    1.980386] pci 0000:01:00.0: System wakeup disabled by ACPI
[    1.988074] pci 0000:00:1c.0: PCI bridge to [bus 01]
[    1.988085] pci 0000:00:1c.0:   bridge window [io  0xe000-0xefff]
[    1.988104] pci 0000:00:1c.0:   bridge window [mem 0xf0000000-0xf00fffff 64bit pref]
[    1.988249] pci 0000:02:00.0: [8086:0885] type 00 class 0x028000
[    1.988293] pci 0000:02:00.0: reg 0x10: [mem 0xf7e00000-0xf7e01fff 64bit]
[    1.988510] pci 0000:02:00.0: PME# supported from D0 D3hot D3cold
[    1.988556] pci 0000:02:00.0: System wakeup disabled by ACPI
[    1.996039] pci 0000:00:1c.1: PCI bridge to [bus 02]
[    1.996054] pci 0000:00:1c.1:   bridge window [mem 0xf7e00000-0xf7efffff]
[    1.996255] pci 0000:03:00.0: [197b:2392] type 00 class 0x088000
[    1.996280] pci 0000:03:00.0: reg 0x10: [mem 0xf7d03000-0xf7d030ff]
[    1.996509] pci 0000:03:00.0: System wakeup disabled by ACPI
[    1.996560] pci 0000:03:00.2: [197b:2391] type 00 class 0x080501
[    1.996585] pci 0000:03:00.2: reg 0x10: [mem 0xf7d02000-0xf7d020ff]
[    1.996848] pci 0000:03:00.3: [197b:2393] type 00 class 0x088000
[    1.996877] pci 0000:03:00.3: reg 0x10: [mem 0xf7d01000-0xf7d010ff]
[    1.997123] pci 0000:03:00.4: [197b:2394] type 00 class 0x088000
[    1.997147] pci 0000:03:00.4: reg 0x10: [mem 0xf7d00000-0xf7d000ff]
[    2.004076] pci 0000:00:1c.3: PCI bridge to [bus 03]
[    2.004092] pci 0000:00:1c.3:   bridge window [mem 0xf7d00000-0xf7dfffff]
[    2.004235] pci 0000:04:00.0: [1033:0194] type 00 class 0x0c0330
[    2.004268] pci 0000:04:00.0: reg 0x10: [mem 0xf7c00000-0xf7c01fff 64bit]
[    2.004438] pci 0000:04:00.0: PME# supported from D0 D3hot D3cold
[    2.004499] pci 0000:04:00.0: System wakeup disabled by ACPI
[    2.004499] pci 0000:00:1c.5: PCI bridge to [bus 04]
[    2.004499] pci 0000:00:1c.5:   bridge window [mem 0xf7c00000-0xf7cfffff]
[    2.028476] ACPI: PCI Interrupt Link [LNKA] (IRQs 3 4 5 6 10 *11 12 14 15)
[    2.028534] ACPI: PCI Interrupt Link [LNKB] (IRQs 3 4 *5 6 10 11 12 14 15)
[    2.028589] ACPI: PCI Interrupt Link [LNKC] (IRQs *3 4 5 6 10 11 12 14 15)
[    2.028643] ACPI: PCI Interrupt Link [LNKD] (IRQs 3 4 5 6 *10 11 12 14 15)
[    2.028697] ACPI: PCI Interrupt Link [LNKE] (IRQs 3 4 5 6 10 11 12 14 15) *0, disabled.
[    2.028751] ACPI: PCI Interrupt Link [LNKF] (IRQs 3 4 5 6 10 11 12 14 15) *0, disabled.
[    2.028806] ACPI: PCI Interrupt Link [LNKG] (IRQs 3 4 *5 6 10 11 12 14 15)
[    2.028859] ACPI: PCI Interrupt Link [LNKH] (IRQs 3 4 *5 6 10 11 12 14 15)
[    2.029889] ACPI: Enabled 6 GPEs in block 00 to 3F
[    2.029896] ACPI: \_SB_.PCI0: notify handler is installed
[    2.029966] Found 1 acpi root devices
[    2.030006] ACPI : EC: GPE = 0x17, I/O: command/status = 0x66, data = 0x62
[    2.030344] vgaarb: device added: PCI:0000:00:02.0,decodes=io+mem,owns=io+mem,locks=none
[    2.030344] vgaarb: loaded
[    2.030344] vgaarb: bridge control possible 0000:00:02.0
[    2.030344] SCSI subsystem initialized
[    2.030344] libata version 3.00 loaded.
[    2.030344] ACPI: bus type USB registered
[    2.030344] usbcore: registered new interface driver usbfs
[    2.030344] usbcore: registered new interface driver hub
[    2.030344] usbcore: registered new device driver usb
[    2.030344] PCI: Using ACPI for IRQ routing
[    2.032910] PCI: pci_cache_line_size set to 64 bytes
[    2.032992] e820: reserve RAM buffer [mem 0x0009d800-0x0009ffff]
[    2.032994] e820: reserve RAM buffer [mem 0xca545000-0xcbffffff]
[    2.032996] e820: reserve RAM buffer [mem 0xca6eb000-0xcbffffff]
[    2.032998] e820: reserve RAM buffer [mem 0xcabd8000-0xcbffffff]
[    2.033000] e820: reserve RAM buffer [mem 0x1afe00000-0x1afffffff]
[    2.033081] NetLabel: Initializing
[    2.033083] NetLabel:  domain hash size = 128
[    2.033084] NetLabel:  protocols = UNLABELED CIPSOv4
[    2.033098] NetLabel:  unlabeled traffic allowed by default
[    2.033111] hpet0: at MMIO 0xfed00000, IRQs 2, 8, 0, 0, 0, 0, 0, 0
[    2.033111] hpet0: 8 comparators, 64-bit 14.318180 MHz counter
[    2.034087] Switched to clocksource hpet
[    2.036641] AppArmor: AppArmor Filesystem Enabled
[    2.036666] pnp: PnP ACPI init
[    2.036678] ACPI: bus type PNP registered
[    2.036713] pnp 00:00: [dma 4]
[    2.036735] pnp 00:00: Plug and Play ACPI device, IDs PNP0200 (active)
[    2.036754] pnp 00:01: Plug and Play ACPI device, IDs INT0800 (active)
[    2.036858] pnp 00:02: Plug and Play ACPI device, IDs PNP0103 (active)
[    2.036908] system 00:03: [io  0x0680-0x069f] has been reserved
[    2.036910] system 00:03: [io  0x1000-0x100f] has been reserved
[    2.036913] system 00:03: [io  0xffff] has been reserved
[    2.036915] system 00:03: [io  0xffff] has been reserved
[    2.036917] system 00:03: [io  0x0400-0x0453] could not be reserved
[    2.036919] system 00:03: [io  0x0458-0x047f] has been reserved
[    2.036922] system 00:03: [io  0x0500-0x057f] has been reserved
[    2.036924] system 00:03: [io  0x164e-0x164f] has been reserved
[    2.036927] system 00:03: Plug and Play ACPI device, IDs PNP0c02 (active)
[    2.036956] pnp 00:04: Plug and Play ACPI device, IDs PNP0b00 (active)
[    2.037004] system 00:05: [io  0x0454-0x0457] has been reserved
[    2.037007] system 00:05: Plug and Play ACPI device, IDs INT3f0d PNP0c02 (active)
[    2.037052] system 00:06: [io  0x04d0-0x04d1] has been reserved
[    2.037055] system 00:06: [io  0xff2c-0xff2f] has been reserved
[    2.037057] system 00:06: Plug and Play ACPI device, IDs PNP0c02 (active)
[    2.037082] pnp 00:07: Plug and Play ACPI device, IDs PNP0c04 (active)
[    2.060158] pnp 00:08: Plug and Play ACPI device, IDs TOS0300 SYN0700 SYN0002 PNP0f13 (active)
[    2.060190] pnp 00:09: Plug and Play ACPI device, IDs PNP0303 PNP030b (active)
[    2.060451] system 00:0a: [mem 0xfed1c000-0xfed1ffff] has been reserved
[    2.060454] system 00:0a: [mem 0xfed10000-0xfed17fff] has been reserved
[    2.060456] system 00:0a: [mem 0xfed18000-0xfed18fff] has been reserved
[    2.060458] system 00:0a: [mem 0xfed19000-0xfed19fff] has been reserved
[    2.060460] system 00:0a: [mem 0xf8000000-0xfbffffff] has been reserved
[    2.060464] system 00:0a: [mem 0xfed20000-0xfed3ffff] has been reserved
[    2.060466] system 00:0a: [mem 0xfed90000-0xfed93fff] has been reserved
[    2.060469] system 00:0a: [mem 0xfed45000-0xfed8ffff] has been reserved
[    2.060471] system 00:0a: [mem 0xff000000-0xffffffff] has been reserved
[    2.060473] system 00:0a: [mem 0xfee00000-0xfeefffff] could not be reserved
[    2.060475] system 00:0a: [mem 0xcfa00000-0xcfa00fff] has been reserved
[    2.060478] system 00:0a: Plug and Play ACPI device, IDs PNP0c02 (active)
[    2.061307] system 00:0b: [mem 0x20000000-0x201fffff] has been reserved
[    2.061310] system 00:0b: [mem 0x40000000-0x401fffff] has been reserved
[    2.061313] system 00:0b: Plug and Play ACPI device, IDs PNP0c01 (active)
[    2.061440] pnp: PnP ACPI: found 12 devices
[    2.061442] ACPI: bus type PNP unregistered
[    2.068203] pci 0000:00:1c.0: PCI bridge to [bus 01]
[    2.068208] pci 0000:00:1c.0:   bridge window [io  0xe000-0xefff]
[    2.068218] pci 0000:00:1c.0:   bridge window [mem 0xf0000000-0xf00fffff 64bit pref]
[    2.068226] pci 0000:00:1c.1: PCI bridge to [bus 02]
[    2.068232] pci 0000:00:1c.1:   bridge window [mem 0xf7e00000-0xf7efffff]
[    2.068242] pci 0000:00:1c.3: PCI bridge to [bus 03]
[    2.068248] pci 0000:00:1c.3:   bridge window [mem 0xf7d00000-0xf7dfffff]
[    2.068258] pci 0000:00:1c.5: PCI bridge to [bus 04]
[    2.068264] pci 0000:00:1c.5:   bridge window [mem 0xf7c00000-0xf7cfffff]
[    2.068275] pci_bus 0000:00: resource 4 [io  0x0000-0x0cf7]
[    2.068277] pci_bus 0000:00: resource 5 [io  0x0d00-0xffff]
[    2.068279] pci_bus 0000:00: resource 6 [mem 0x000a0000-0x000bffff]
[    2.068281] pci_bus 0000:00: resource 7 [mem 0x000d0000-0x000d3fff]
[    2.068282] pci_bus 0000:00: resource 8 [mem 0x000d4000-0x000d7fff]
[    2.068284] pci_bus 0000:00: resource 9 [mem 0x000d8000-0x000dbfff]
[    2.068286] pci_bus 0000:00: resource 10 [mem 0x000dc000-0x000dffff]
[    2.068288] pci_bus 0000:00: resource 11 [mem 0x000e0000-0x000e3fff]
[    2.068290] pci_bus 0000:00: resource 12 [mem 0x000e4000-0x000e7fff]
[    2.068292] pci_bus 0000:00: resource 13 [mem 0xcfa00000-0xfeafffff]
[    2.068294] pci_bus 0000:00: resource 14 [mem 0xfed40000-0xfed44fff]
[    2.068296] pci_bus 0000:01: resource 0 [io  0xe000-0xefff]
[    2.068298] pci_bus 0000:01: resource 2 [mem 0xf0000000-0xf00fffff 64bit pref]
[    2.068300] pci_bus 0000:02: resource 1 [mem 0xf7e00000-0xf7efffff]
[    2.068302] pci_bus 0000:03: resource 1 [mem 0xf7d00000-0xf7dfffff]
[    2.068304] pci_bus 0000:04: resource 1 [mem 0xf7c00000-0xf7cfffff]
[    2.068332] NET: Registered protocol family 2
[    2.068488] TCP established hash table entries: 65536 (order: 7, 524288 bytes)
[    2.068668] TCP bind hash table entries: 65536 (order: 8, 1048576 bytes)
[    2.068810] TCP: Hash tables configured (established 65536 bind 65536)
[    2.068835] TCP: reno registered
[    2.068848] UDP hash table entries: 4096 (order: 5, 131072 bytes)
[    2.068883] UDP-Lite hash table entries: 4096 (order: 5, 131072 bytes)
[    2.068960] NET: Registered protocol family 1
[    2.068972] pci 0000:00:02.0: Boot video device
[    2.324369] PCI: CLS 64 bytes, default 64
[    2.324425] Trying to unpack rootfs image as initramfs...
[    2.814330] Freeing initrd memory: 26916K (ffff880034b5e000 - ffff8800365a7000)
[    2.814336] PCI-DMA: Using software bounce buffering for IO (SWIOTLB)
[    2.814339] software IO TLB [mem 0xc6545000-0xca545000] (64MB) mapped at [ffff8800c6545000-ffff8800ca544fff]
[    2.814600] microcode: CPU0 sig=0x206a7, pf=0x10, revision=0x14
[    2.814606] microcode: CPU1 sig=0x206a7, pf=0x10, revision=0x14
[    2.814615] microcode: CPU2 sig=0x206a7, pf=0x10, revision=0x14
[    2.814624] microcode: CPU3 sig=0x206a7, pf=0x10, revision=0x14
[    2.814677] microcode: Microcode Update Driver: v2.00 <tigran@aivazian.fsnet.co.uk>, Peter Oruba
[    2.814679] Scanning for low memory corruption every 60 seconds
[    2.814943] Initialise system trusted keyring
[    2.814988] audit: initializing netlink socket (disabled)
[    2.814999] type=2000 audit(1411612805.812:1): initialized
[    2.844472] HugeTLB registered 2 MB page size, pre-allocated 0 pages
[    2.845544] zbud: loaded
[    2.845703] VFS: Disk quotas dquot_6.5.2
[    2.845744] Dquot-cache hash table entries: 512 (order 0, 4096 bytes)
[    2.846171] fuse init (API version 7.22)
[    2.846248] msgmni has been set to 11745
[    2.846296] Key type big_key registered
[    2.846901] Key type asymmetric registered
[    2.846902] Asymmetric key parser 'x509' registered
[    2.846930] Block layer SCSI generic (bsg) driver version 0.4 loaded (major 252)
[    2.846981] io scheduler noop registered
[    2.846983] io scheduler deadline registered (default)
[    2.847005] io scheduler cfq registered
[    2.847523] pci_hotplug: PCI Hot Plug PCI Core version: 0.5
[    2.847539] pciehp: PCI Express Hot Plug Controller Driver version: 0.4
[    2.847573] vesafb: mode is 1024x768x32, linelength=4096, pages=0
[    2.847574] vesafb: scrolling: redraw
[    2.847576] vesafb: Truecolor: size=8:8:8:8, shift=24:16:8:0
[    2.847967] vesafb: framebuffer at 0xe0000000, mapped to 0xffffc90004e80000, using 3072k, total 3072k
[    2.908970] Console: switching to colour frame buffer device 128x48
[    2.969890] fb0: VESA VGA frame buffer device
[    2.969905] intel_idle: MWAIT substates: 0x21120
[    2.969907] intel_idle: v0.4 model 0x2A
[    2.969908] intel_idle: lapic_timer_reliable_states 0xffffffff
[    2.970015] ipmi message handler version 39.2
[    2.984048] ACPI: Deprecated procfs I/F for AC is loaded, please retry with CONFIG_ACPI_PROCFS_POWER cleared
[    3.000050] ACPI: AC Adapter [ACAD] (off-line)
[    3.000166] input: Lid Switch as /devices/LNXSYSTM:00/device:00/PNP0C0D:00/input/input0
[    3.000189] ACPI: Lid Switch [LID0]
[    3.000221] input: Power Button as /devices/LNXSYSTM:00/device:00/PNP0C0C:00/input/input1
[    3.000225] ACPI: Power Button [PWRB]
[    3.000253] input: Power Button as /devices/LNXSYSTM:00/LNXPWRBN:00/input/input2
[    3.000256] ACPI: Power Button [PWRF]
[    3.000381] GHES: HEST is not enabled!
[    3.000515] Serial: 8250/16550 driver, 32 ports, IRQ sharing enabled
[    3.192253] ACPI: Deprecated procfs I/F for battery is loaded, please retry with CONFIG_ACPI_PROCFS_POWER cleared
[    3.192262] ACPI: Battery Slot [BAT1] (battery present)
[    3.192430] Linux agpgart interface v0.103
[    3.194917] brd: module loaded
[    3.195673] loop: module loaded
[    3.196028] libphy: Fixed MDIO Bus: probed
[    3.196104] tun: Universal TUN/TAP device driver, 1.6
[    3.196106] tun: (C) 1999-2004 Max Krasnyansky <maxk@qualcomm.com>
[    3.196163] PPP generic driver version 2.4.2
[    3.196207] ehci_hcd: USB 2.0 'Enhanced' Host Controller (EHCI) Driver
[    3.196211] ehci-pci: EHCI PCI platform driver
[    3.196336] ehci-pci 0000:00:1a.0: EHCI Host Controller
[    3.196345] ehci-pci 0000:00:1a.0: new USB bus registered, assigned bus number 1
[    3.196360] ehci-pci 0000:00:1a.0: debug port 2
[    3.200279] ehci-pci 0000:00:1a.0: cache line size of 64 is not supported
[    3.200296] ehci-pci 0000:00:1a.0: irq 16, io mem 0xf7f08000
[    3.212023] ehci-pci 0000:00:1a.0: USB 2.0 started, EHCI 1.00
[    3.212064] usb usb1: New USB device found, idVendor=1d6b, idProduct=0002
[    3.212066] usb usb1: New USB device strings: Mfr=3, Product=2, SerialNumber=1
[    3.212068] usb usb1: Product: EHCI Host Controller
[    3.212070] usb usb1: Manufacturer: Linux 3.13.0-35-generic ehci_hcd
[    3.212072] usb usb1: SerialNumber: 0000:00:1a.0
[    3.212228] hub 1-0:1.0: USB hub found
[    3.212235] hub 1-0:1.0: 2 ports detected
[    3.212416] ehci-pci 0000:00:1d.0: EHCI Host Controller
[    3.212421] ehci-pci 0000:00:1d.0: new USB bus registered, assigned bus number 2
[    3.212434] ehci-pci 0000:00:1d.0: debug port 2
[    3.216331] ehci-pci 0000:00:1d.0: cache line size of 64 is not supported
[    3.216346] ehci-pci 0000:00:1d.0: irq 23, io mem 0xf7f07000
[    3.228023] ehci-pci 0000:00:1d.0: USB 2.0 started, EHCI 1.00
[    3.228054] usb usb2: New USB device found, idVendor=1d6b, idProduct=0002
[    3.228057] usb usb2: New USB device strings: Mfr=3, Product=2, SerialNumber=1
[    3.228059] usb usb2: Product: EHCI Host Controller
[    3.228060] usb usb2: Manufacturer: Linux 3.13.0-35-generic ehci_hcd
[    3.228062] usb usb2: SerialNumber: 0000:00:1d.0
[    3.228176] hub 2-0:1.0: USB hub found
[    3.228182] hub 2-0:1.0: 2 ports detected
[    3.228261] ehci-platform: EHCI generic platform driver
[    3.228268] ohci_hcd: USB 1.1 'Open' Host Controller (OHCI) Driver
[    3.228270] ohci-pci: OHCI PCI platform driver
[    3.228279] ohci-platform: OHCI generic platform driver
[    3.228284] uhci_hcd: USB Universal Host Controller Interface driver
[    3.228362] xhci_hcd 0000:04:00.0: xHCI Host Controller
[    3.228366] xhci_hcd 0000:04:00.0: new USB bus registered, assigned bus number 3
[    3.228577] xhci_hcd 0000:04:00.0: irq 40 for MSI/MSI-X
[    3.228583] xhci_hcd 0000:04:00.0: irq 41 for MSI/MSI-X
[    3.228589] xhci_hcd 0000:04:00.0: irq 42 for MSI/MSI-X
[    3.228594] xhci_hcd 0000:04:00.0: irq 43 for MSI/MSI-X
[    3.228599] xhci_hcd 0000:04:00.0: irq 44 for MSI/MSI-X
[    3.228725] usb usb3: New USB device found, idVendor=1d6b, idProduct=0002
[    3.228727] usb usb3: New USB device strings: Mfr=3, Product=2, SerialNumber=1
[    3.228729] usb usb3: Product: xHCI Host Controller
[    3.228731] usb usb3: Manufacturer: Linux 3.13.0-35-generic xhci_hcd
[    3.228732] usb usb3: SerialNumber: 0000:04:00.0
[    3.228856] hub 3-0:1.0: USB hub found
[    3.228867] hub 3-0:1.0: 2 ports detected
[    3.228935] xhci_hcd 0000:04:00.0: xHCI Host Controller
[    3.228938] xhci_hcd 0000:04:00.0: new USB bus registered, assigned bus number 4
[    3.231987] usb usb4: New USB device found, idVendor=1d6b, idProduct=0003
[    3.231990] usb usb4: New USB device strings: Mfr=3, Product=2, SerialNumber=1
[    3.231991] usb usb4: Product: xHCI Host Controller
[    3.231993] usb usb4: Manufacturer: Linux 3.13.0-35-generic xhci_hcd
[    3.231995] usb usb4: SerialNumber: 0000:04:00.0
[    3.232123] hub 4-0:1.0: USB hub found
[    3.232134] hub 4-0:1.0: 2 ports detected
[    3.240104] i8042: PNP: PS/2 Controller [PNP0303:PS2K,PNP0f13:PS2M] at 0x60,0x64 irq 1,12
[    3.292539] serio: i8042 KBD port at 0x60,0x64 irq 1
[    3.292545] serio: i8042 AUX port at 0x60,0x64 irq 12
[    3.292886] mousedev: PS/2 mouse device common for all mice
[    3.294731] rtc_cmos 00:04: RTC can wake from S4
[    3.294960] rtc_cmos 00:04: rtc core: registered rtc_cmos as rtc0
[    3.294999] rtc_cmos 00:04: alarms up to one month, y3k, 242 bytes nvram, hpet irqs
[    3.295067] device-mapper: uevent: version 1.0.3
[    3.295162] device-mapper: ioctl: 4.27.0-ioctl (2013-10-30) initialised: dm-devel@redhat.com
[    3.295168] ledtrig-cpu: registered to indicate activity on CPUs
[    3.295268] TCP: cubic registered
[    3.295344] NET: Registered protocol family 10
[    3.295496] NET: Registered protocol family 17
[    3.295504] Key type dns_resolver registered
[    3.296205] Loading compiled-in X.509 certificates
[    3.297245] Loaded X.509 cert 'Magrathea: Glacier signing key: b1414ae96c1b0ebb7c141fa405c1f6c98e8a66f0'
[    3.297258] registered taskstats version 1
[    3.299641] Key type trusted registered
[    3.301548] Key type encrypted registered
[    3.303396] AppArmor: AppArmor sha1 policy hashing enabled
[    3.303399] IMA: No TPM chip found, activating TPM-bypass!
[    3.303798] regulator-dummy: disabling
[    3.303899]   Magic number: 14:239:663
[    3.304044] rtc_cmos 00:04: setting system clock to 2014-09-25 02:40:07 UTC (1411612807)
[    3.304748] BIOS EDD facility v0.16 2004-Jun-25, 0 devices found
[    3.304749] EDD information not available.
[    3.304795] PM: Hibernation image not present or could not be loaded.
[    3.306381] Freeing unused kernel memory: 1336K (ffffffff81d1f000 - ffffffff81e6d000)
[    3.306383] Write protecting the kernel read-only data: 12288k
[    3.308772] Freeing unused kernel memory: 808K (ffff880001736000 - ffff880001800000)
[    3.310697] Freeing unused kernel memory: 692K (ffff880001b53000 - ffff880001c00000)
[    3.323867] systemd-udevd[119]: starting version 204
[    3.345011] input: AT Translated Set 2 keyboard as /devices/platform/i8042/serio0/input/input3
[    3.374640] r8169 Gigabit Ethernet driver 2.3LK-NAPI loaded
[    3.374651] r8169 0000:01:00.0: can't disable ASPM; OS doesn't have ASPM control
[    3.374892] r8169 0000:01:00.0: irq 45 for MSI/MSI-X
[    3.375053] r8169 0000:01:00.0 eth0: RTL8105e at 0xffffc90000c54000, b8:70:f4:63:16:1c, XID 00a00000 IRQ 45
[    3.376886] [drm] Initialized drm 1.1.0 20060810
[    3.378064] sdhci: Secure Digital Host Controller Interface driver
[    3.378067] sdhci: Copyright(c) Pierre Ossman
[    3.379615] sdhci-pci 0000:03:00.0: SDHCI controller found [197b:2392] (rev 30)
[    3.379717] sdhci-pci 0000:03:00.0: dummy supplies not allowed
[    3.379718] mmc0: no vqmmc regulator found
[    3.379720] sdhci-pci 0000:03:00.0: dummy supplies not allowed
[    3.379721] mmc0: no vmmc regulator found
[    3.379796] mmc0: SDHCI controller on PCI [0000:03:00.0] using DMA
[    3.379808] sdhci-pci 0000:03:00.2: SDHCI controller found [197b:2391] (rev 30)
[    3.379860] sdhci-pci 0000:03:00.2: Refusing to bind to secondary interface.
[    3.386043] ahci 0000:00:1f.2: version 3.0
[    3.386242] ahci 0000:00:1f.2: irq 46 for MSI/MSI-X
[    3.386287] ahci 0000:00:1f.2: SSS flag set, parallel bus scan disabled
[    3.400587] ahci 0000:00:1f.2: AHCI 0001.0300 32 slots 6 ports 6 Gbps 0x5 impl SATA mode
[    3.400595] ahci 0000:00:1f.2: flags: 64bit ncq sntf stag pm led clo pio slum part ems apst 
[    3.408959] scsi0 : ahci
[    3.409084] scsi1 : ahci
[    3.409254] scsi2 : ahci
[    3.409548] scsi3 : ahci
[    3.409647] scsi4 : ahci
[    3.409745] scsi5 : ahci
[    3.409805] ata1: SATA max UDMA/133 abar m2048@0xf7f06000 port 0xf7f06100 irq 46
[    3.409808] ata2: DUMMY
[    3.409813] ata3: SATA max UDMA/133 abar m2048@0xf7f06000 port 0xf7f06200 irq 46
[    3.409815] ata4: DUMMY
[    3.409817] ata5: DUMMY
[    3.409819] ata6: DUMMY
[    3.410911] [drm] Memory usable by graphics device = 2048M
[    3.410915] checking generic (e0000000 300000) vs hw (e0000000 10000000)
[    3.410917] fb: conflicting fb hw usage inteldrmfb vs VESA VGA - removing generic driver
[    3.410931] Console: switching to colour dummy device 80x25
[    3.472180] i915 0000:00:02.0: irq 47 for MSI/MSI-X
[    3.472195] [drm] Supports vblank timestamp caching Rev 2 (21.10.2013).
[    3.472196] [drm] Driver supports precise vblank timestamp query.
[    3.472270] vgaarb: device changed decodes: PCI:0000:00:02.0,olddecodes=io+mem,decodes=io+mem:owns=io+mem
[    3.500223] [drm] Wrong MCH_SSKPD value: 0x16040307
[    3.500226] [drm] This can cause pipe underruns and display issues.
[    3.500228] [drm] Please upgrade your BIOS to fix this.
[    3.518115] fbcon: inteldrmfb (fb0) is primary device
[    3.560175] usb 1-1: new high-speed USB device number 2 using ehci-pci
[    3.692547] usb 1-1: New USB device found, idVendor=8087, idProduct=0024
[    3.692561] usb 1-1: New USB device strings: Mfr=0, Product=0, SerialNumber=0
[    3.692891] hub 1-1:1.0: USB hub found
[    3.692971] hub 1-1:1.0: 6 ports detected
[    3.728126] ata1: SATA link up 3.0 Gbps (SStatus 123 SControl 300)
[    3.800681] ata1.00: ATA-8: TOSHIBA MK6476GSXN, GB001M, max UDMA/100
[    3.800693] ata1.00: 1250263728 sectors, multi 16: LBA48 NCQ (depth 31/32), AA
[    3.801655] ata1.00: configured for UDMA/100
[    3.801943] scsi 0:0:0:0: Direct-Access     ATA      TOSHIBA MK6476GS GB00 PQ: 0 ANSI: 5
[    3.802129] sd 0:0:0:0: [sda] 1250263728 512-byte logical blocks: (640 GB/596 GiB)
[    3.802131] sd 0:0:0:0: Attached scsi generic sg0 type 0
[    3.802250] sd 0:0:0:0: [sda] Write Protect is off
[    3.802254] sd 0:0:0:0: [sda] Mode Sense: 00 3a 00 00
[    3.802342] sd 0:0:0:0: [sda] Write cache: disabled, read cache: enabled, doesn't support DPO or FUA
[    3.804056] usb 2-1: new high-speed USB device number 2 using ehci-pci
[    3.890248]  sda: sda1 sda2 < sda5 >
[    3.890841] sd 0:0:0:0: [sda] Attached SCSI disk
[    3.936632] usb 2-1: New USB device found, idVendor=8087, idProduct=0024
[    3.936637] usb 2-1: New USB device strings: Mfr=0, Product=0, SerialNumber=0
[    3.937001] hub 2-1:1.0: USB hub found
[    3.937131] hub 2-1:1.0: 6 ports detected
[    4.048132] usb 3-1: new low-speed USB device number 2 using xhci_hcd
[    4.099102] usb 3-1: New USB device found, idVendor=0a81, idProduct=0101
[    4.099107] usb 3-1: New USB device strings: Mfr=1, Product=2, SerialNumber=0
[    4.099111] usb 3-1: Product: USB Keyboard
[    4.099114] usb 3-1: Manufacturer: CHESEN
[    4.099331] usb 3-1: ep 0x81 - rounding interval to 64 microframes, ep desc says 80 microframes
[    4.099336] usb 3-1: ep 0x82 - rounding interval to 64 microframes, ep desc says 80 microframes
[    4.104805] hidraw: raw HID events driver (C) Jiri Kosina
[    4.120089] ata3: SATA link up 1.5 Gbps (SStatus 113 SControl 300)
[    4.125711] ata3.00: ATAPI: TSSTcorp CDDVDW TS-L633F, TF01, max UDMA/100
[    4.128077] ata3.00: configured for UDMA/100
[    4.133818] scsi 2:0:0:0: CD-ROM            TSSTcorp CDDVDW TS-L633F  TF01 PQ: 0 ANSI: 5
[    4.140205] usbcore: registered new interface driver usbhid
[    4.140206] usbhid: USB HID core driver
[    4.142100] input: CHESEN USB Keyboard as /devices/pci0000:00/0000:00:1c.5/0000:04:00.0/usb3/3-1/3-1:1.0/input/input6
[    4.142214] hid-generic 0003:0A81:0101.0001: input,hidraw0: USB HID v1.10 Keyboard [CHESEN USB Keyboard] on usb-0000:04:00.0-1/input0
[    4.143463] sr0: scsi3-mmc drive: 24x/24x writer dvd-ram cd/rw xa/form2 cdda tray
[    4.143466] cdrom: Uniform CD-ROM driver Revision: 3.20
[    4.143646] sr 2:0:0:0: Attached scsi CD-ROM sr0
[    4.143739] sr 2:0:0:0: Attached scsi generic sg1 type 5
[    4.151109] input: CHESEN USB Keyboard as /devices/pci0000:00/0000:00:1c.5/0000:04:00.0/usb3/3-1/3-1:1.1/input/input7
[    4.151229] hid-generic 0003:0A81:0101.0002: input,hidraw1: USB HID v1.10 Device [CHESEN USB Keyboard] on usb-0000:04:00.0-1/input1
[    4.172250] usb 1-1.2: new high-speed USB device number 3 using ehci-pci
[    4.248202] Console: switching to colour frame buffer device 170x48
[    4.251126] i915 0000:00:02.0: fb0: inteldrmfb frame buffer device
[    4.251128] i915 0000:00:02.0: registered panic notifier
[    4.252878] ACPI: Video Device [GFX0] (multi-head: yes  rom: no  post: no)
[    4.255003] acpi device:61: registered as cooling_device4
[    4.255076] input: Video Bus as /devices/LNXSYSTM:00/device:00/PNP0A08:00/LNXVIDEO:00/input/input8
[    4.255171] [drm] Initialized i915 1.6.0 20080730 for 0000:00:02.0 on minor 0
[    4.264720] usb 1-1.2: New USB device found, idVendor=8087, idProduct=07d6
[    4.264729] usb 1-1.2: New USB device strings: Mfr=1, Product=2, SerialNumber=0
[    4.264736] usb 1-1.2: Product: Intel(R) Centrino(R) Wireless-N + WiMAX 6150
[    4.264741] usb 1-1.2: Manufacturer: Intel Corporation
[    4.336298] usb 1-1.4: new high-speed USB device number 4 using ehci-pci
[    4.502588] usb 1-1.4: New USB device found, idVendor=058f, idProduct=b003
[    4.502599] usb 1-1.4: New USB device strings: Mfr=6, Product=2, SerialNumber=3
[    4.502605] usb 1-1.4: Product: USB 2.0 Camera
[    4.502610] usb 1-1.4: Manufacturer: Alcor Corp.
[    4.502614] usb 1-1.4: SerialNumber: 0x0001
[    4.516213] input: PS/2 Synaptics TouchPad as /devices/platform/i8042/serio1/input/input5
[    4.576224] usb 2-1.1: new low-speed USB device number 3 using ehci-pci
[    4.673082] usb 2-1.1: New USB device found, idVendor=046d, idProduct=c016
[    4.673087] usb 2-1.1: New USB device strings: Mfr=1, Product=2, SerialNumber=0
[    4.673089] usb 2-1.1: Product: Optical USB Mouse
[    4.673091] usb 2-1.1: Manufacturer: Logitech
[    4.675642] input: Logitech Optical USB Mouse as /devices/pci0000:00/0000:00:1d.0/usb2/2-1/2-1.1/2-1.1:1.0/input/input9
[    4.675778] hid-generic 0003:046D:C016.0003: input,hidraw2: USB HID v1.10 Mouse [Logitech Optical USB Mouse] on usb-0000:00:1d.0-1.1/input0
[    4.816402] [drm] Enabling RC6 states: RC6 on, RC6p off, RC6pp off
[    4.913915] EXT4-fs (sda1): mounted filesystem with ordered data mode. Opts: (null)
[    5.636727] random: nonblocking pool is initialized
[   26.005424] Adding 17666044k swap on /dev/sda5.  Priority:-1 extents:1 across:17666044k FS
[   26.088911] IPv6: ADDRCONF(NETDEV_UP): eth0: link is not ready
[   26.188231] systemd-udevd[330]: starting version 204
[   26.315834] lp: driver loaded but no devices found
[   26.321469] ppdev: user-space parallel port driver
[   26.396725] wmi: Mapper loaded
[   26.399710] toshiba_acpi: Toshiba Laptop ACPI Extras version 0.19
[   26.399773] input: Toshiba input device as /devices/virtual/input/input10
[   26.416090] mei_me 0000:00:16.0: irq 48 for MSI/MSI-X
[   26.440783] cfg80211: Calling CRDA to update world regulatory domain
[   26.447064] Intel(R) Wireless WiFi driver for Linux, in-tree:
[   26.447068] Copyright(c) 2003-2013 Intel Corporation
[   26.447198] iwlwifi 0000:02:00.0: can't disable ASPM; OS doesn't have ASPM control
[   26.447272] iwlwifi 0000:02:00.0: irq 49 for MSI/MSI-X
[   26.453165] ACPI Warning: 0x0000000000000428-0x000000000000042f SystemIO conflicts with Region \PMIO 1 (20131115/utaddress-251)
[   26.453176] ACPI: If an ACPI driver is available for this device, you should use it instead of the native driver
[   26.453182] ACPI Warning: 0x0000000000000540-0x000000000000054f SystemIO conflicts with Region \GPRF 1 (20131115/utaddress-251)
[   26.453188] ACPI Warning: 0x0000000000000540-0x000000000000054f SystemIO conflicts with Region \_SB_.LDIO 2 (20131115/utaddress-251)
[   26.453194] ACPI Warning: 0x0000000000000540-0x000000000000054f SystemIO conflicts with Region \GPIO 3 (20131115/utaddress-251)
[   26.453199] ACPI: If an ACPI driver is available for this device, you should use it instead of the native driver
[   26.453201] ACPI Warning: 0x0000000000000530-0x000000000000053f SystemIO conflicts with Region \GPRF 1 (20131115/utaddress-251)
[   26.453205] ACPI Warning: 0x0000000000000530-0x000000000000053f SystemIO conflicts with Region \_SB_.LDIO 2 (20131115/utaddress-251)
[   26.453210] ACPI Warning: 0x0000000000000530-0x000000000000053f SystemIO conflicts with Region \GPIO 3 (20131115/utaddress-251)
[   26.453214] ACPI: If an ACPI driver is available for this device, you should use it instead of the native driver
[   26.453217] ACPI Warning: 0x0000000000000500-0x000000000000052f SystemIO conflicts with Region \GPRF 1 (20131115/utaddress-251)
[   26.453221] ACPI Warning: 0x0000000000000500-0x000000000000052f SystemIO conflicts with Region \_SB_.LDIO 2 (20131115/utaddress-251)
[   26.453226] ACPI Warning: 0x0000000000000500-0x000000000000052f SystemIO conflicts with Region \GPIO 3 (20131115/utaddress-251)
[   26.453230] ACPI: If an ACPI driver is available for this device, you should use it instead of the native driver
[   26.453233] lpc_ich: Resource conflict(s) found affecting gpio_ich
[   26.571893] snd_hda_intel 0000:00:1b.0: irq 50 for MSI/MSI-X
[   26.583946] SKU: Nid=0x1d sku_cfg=0x40079a2d
[   26.583950] SKU: port_connectivity=0x1
[   26.583952] SKU: enable_pcbeep=0x0
[   26.583954] SKU: check_sum=0x00000007
[   26.583955] SKU: customization=0x0000009a
[   26.583957] SKU: external_amp=0x5
[   26.583958] SKU: platform_type=0x1
[   26.583960] SKU: swap=0x0
[   26.583961] SKU: override=0x1
[   26.584465] autoconfig: line_outs=1 (0x14/0x0/0x0/0x0/0x0) type:speaker
[   26.584467]    speaker_outs=0 (0x0/0x0/0x0/0x0/0x0)
[   26.584468]    hp_outs=1 (0x21/0x0/0x0/0x0/0x0)
[   26.584469]    mono: mono_out=0x0
[   26.584470]    inputs:
[   26.584472]      Mic=0x18
[   26.584474]      Internal Mic=0x12
[   26.584475] realtek: No valid SSID, checking pincfg 0x40079a2d for NID 0x1d
[   26.584477] realtek: Enabling init ASM_ID=0x9a2d CODEC_ID=10ec0269
[   26.593911] input: HDA Intel PCH HDMI/DP,pcm=3 as /devices/pci0000:00/0000:00:1b.0/sound/card0/input13
[   26.594010] input: HDA Intel PCH Headphone as /devices/pci0000:00/0000:00:1b.0/sound/card0/input12
[   26.594095] input: HDA Intel PCH Mic as /devices/pci0000:00/0000:00:1b.0/sound/card0/input11
[   26.753369] iwlwifi 0000:02:00.0: loaded firmware version 41.28.5.1 build 33926 op_mode iwldvm
[   26.772913] iwlwifi 0000:02:00.0: CONFIG_IWLWIFI_DEBUG disabled
[   26.772917] iwlwifi 0000:02:00.0: CONFIG_IWLWIFI_DEBUGFS enabled
[   26.772919] iwlwifi 0000:02:00.0: CONFIG_IWLWIFI_DEVICE_TRACING enabled
[   26.772922] iwlwifi 0000:02:00.0: Detected Intel(R) Centrino(R) Wireless-N + WiMAX 6150 BGN, REV=0x84
[   26.772992] iwlwifi 0000:02:00.0: L1 Enabled; Disabling L0S
[   26.787437] ieee80211 phy0: Selected rate control algorithm 'iwl-agn-rs'
[   26.987075] type=1400 audit(1411612831.178:2): apparmor="STATUS" operation="profile_load" profile="unconfined" name="/sbin/dhclient" pid=453 comm="apparmor_parser"
[   26.987083] type=1400 audit(1411612831.178:3): apparmor="STATUS" operation="profile_load" profile="unconfined" name="/usr/lib/NetworkManager/nm-dhcp-client.action" pid=453 comm="apparmor_parser"
[   26.987088] type=1400 audit(1411612831.178:4): apparmor="STATUS" operation="profile_load" profile="unconfined" name="/usr/lib/connman/scripts/dhclient-script" pid=453 comm="apparmor_parser"
[   26.987561] type=1400 audit(1411612831.178:5): apparmor="STATUS" operation="profile_replace" profile="unconfined" name="/usr/lib/NetworkManager/nm-dhcp-client.action" pid=453 comm="apparmor_parser"
[   26.987567] type=1400 audit(1411612831.178:6): apparmor="STATUS" operation="profile_replace" profile="unconfined" name="/usr/lib/connman/scripts/dhclient-script" pid=453 comm="apparmor_parser"
[   26.987810] type=1400 audit(1411612831.178:7): apparmor="STATUS" operation="profile_replace" profile="unconfined" name="/usr/lib/connman/scripts/dhclient-script" pid=453 comm="apparmor_parser"
[   26.987822] type=1400 audit(1411612831.178:8): apparmor="STATUS" operation="profile_replace" profile="unconfined" name="/sbin/dhclient" pid=466 comm="apparmor_parser"
[   26.987833] type=1400 audit(1411612831.178:9): apparmor="STATUS" operation="profile_replace" profile="unconfined" name="/usr/lib/NetworkManager/nm-dhcp-client.action" pid=466 comm="apparmor_parser"
[   26.987839] type=1400 audit(1411612831.178:10): apparmor="STATUS" operation="profile_replace" profile="unconfined" name="/usr/lib/connman/scripts/dhclient-script" pid=466 comm="apparmor_parser"
[   26.987849] type=1400 audit(1411612831.178:11): apparmor="STATUS" operation="profile_replace" profile="unconfined" name="/sbin/dhclient" pid=454 comm="apparmor_parser"
[   27.943345] EXT4-fs (sda1): re-mounted. Opts: errors=remount-ro
[   28.037105] cfg80211: World regulatory domain updated:
[   28.037110] cfg80211:   (start_freq - end_freq @ bandwidth), (max_antenna_gain, max_eirp)
[   28.037113] cfg80211:   (2402000 KHz - 2472000 KHz @ 40000 KHz), (300 mBi, 2000 mBm)
[   28.037115] cfg80211:   (2457000 KHz - 2482000 KHz @ 40000 KHz), (300 mBi, 2000 mBm)
[   28.037116] cfg80211:   (2474000 KHz - 2494000 KHz @ 20000 KHz), (300 mBi, 2000 mBm)
[   28.037118] cfg80211:   (5170000 KHz - 5250000 KHz @ 40000 KHz), (300 mBi, 2000 mBm)
[   28.037120] cfg80211:   (5735000 KHz - 5835000 KHz @ 40000 KHz), (300 mBi, 2000 mBm)
[   28.482569] Linux video capture interface: v2.00
[   28.492069] uvcvideo: Found UVC 1.00 device USB 2.0 Camera (058f:b003)
[   28.496794] input: USB 2.0 Camera as /devices/pci0000:00/0000:00:1a.0/usb1/1-1/1-1.4/1-1.4:1.0/input/input14
[   28.496907] usbcore: registered new interface driver uvcvideo
[   28.496909] USB Video Class driver (1.1.1)
[   28.530501] i2400m_usb 1-1.2:1.0: WiMAX interface wmx0 (64:d4:da:57:1c:a9) ready
[   32.851293] Bluetooth: Core ver 2.17
[   32.851318] NET: Registered protocol family 31
[   32.851320] Bluetooth: HCI device and connection manager initialized
[   32.851329] Bluetooth: HCI socket layer initialized
[   32.851333] Bluetooth: L2CAP socket layer initialized
[   32.851339] Bluetooth: SCO socket layer initialized
[   32.857840] Bluetooth: RFCOMM TTY layer initialized
[   32.857852] Bluetooth: RFCOMM socket layer initialized
[   32.857858] Bluetooth: RFCOMM ver 1.11
[   32.857957] Bluetooth: BNEP (Ethernet Emulation) ver 1.3
[   32.857960] Bluetooth: BNEP filters: protocol multicast
[   32.857966] Bluetooth: BNEP socket layer initialized
[   33.043896] init: failsafe main process (574) killed by TERM signal
[   33.092259] audit_printk_skb: 24 callbacks suppressed
[   33.092263] type=1400 audit(1411612837.286:20): apparmor="STATUS" operation="profile_load" profile="unconfined" name="/usr/lib/cups/backend/cups-pdf" pid=732 comm="apparmor_parser"
[   33.092269] type=1400 audit(1411612837.286:21): apparmor="STATUS" operation="profile_load" profile="unconfined" name="/usr/sbin/cupsd" pid=732 comm="apparmor_parser"
[   33.092744] type=1400 audit(1411612837.286:22): apparmor="STATUS" operation="profile_replace" profile="unconfined" name="/usr/sbin/cupsd" pid=732 comm="apparmor_parser"
[   33.333687] type=1400 audit(1411612837.526:23): apparmor="STATUS" operation="profile_load" profile="unconfined" name="/usr/share/gdm/guest-session/Xsession" pid=791 comm="apparmor_parser"
[   33.338640] type=1400 audit(1411612837.530:24): apparmor="STATUS" operation="profile_load" profile="unconfined" name="/usr/lib/x86_64-linux-gnu/lightdm-remote-session-uccsconfigure/uccsconfigure-session-wrapper" pid=794 comm="apparmor_parser"
[   33.338651] type=1400 audit(1411612837.530:25): apparmor="STATUS" operation="profile_load" profile="unconfined" name="chromium" pid=794 comm="apparmor_parser"
[   33.338788] type=1400 audit(1411612837.530:26): apparmor="STATUS" operation="profile_load" profile="unconfined" name="/usr/lib/lightdm/lightdm-guest-session" pid=792 comm="apparmor_parser"
[   33.338796] type=1400 audit(1411612837.530:27): apparmor="STATUS" operation="profile_load" profile="unconfined" name="chromium" pid=792 comm="apparmor_parser"
[   33.339163] type=1400 audit(1411612837.530:28): apparmor="STATUS" operation="profile_replace" profile="unconfined" name="chromium" pid=794 comm="apparmor_parser"
[   33.339241] type=1400 audit(1411612837.530:29): apparmor="STATUS" operation="profile_replace" profile="unconfined" name="chromium" pid=792 comm="apparmor_parser"
[   33.353838] init: cups main process (734) killed by HUP signal
[   33.353857] init: cups main process ended, respawning
[   34.528767] i2400m_usb 1-1.2:1.0: firmware interface version 9.3.2
[   34.536445] usbcore: registered new interface driver i2400m_usb
[   34.873703] nf_conntrack version 0.5.0 (16384 buckets, 65536 max)
[   34.971910] Netfilter messages via NETLINK v0.30.
[   34.973942] ctnetlink v0.93: registering with nfnetlink.
[   35.302547] ip_tables: (C) 2000-2006 Netfilter Core Team
[   35.322271] ipt_ULOG: ULOG is deprecated and it will be removed soon, use NFLOG instead
[   36.058000] IPv6: ADDRCONF(NETDEV_UP): wmx0: link is not ready
[   36.058444] IPv6: ADDRCONF(NETDEV_UP): wmx0: link is not ready
[   36.128813] init: kdm main process (1160) killed by TERM signal
[   36.721596] init: gdm main process (1201) killed by TERM signal
[   36.723016] r8169 0000:01:00.0 eth0: link down
[   36.723129] IPv6: ADDRCONF(NETDEV_UP): eth0: link is not ready
[   36.730543] IPv6: ADDRCONF(NETDEV_UP): eth0: link is not ready
[   36.733889] iwlwifi 0000:02:00.0: L1 Enabled; Disabling L0S
[   36.734141] iwlwifi 0000:02:00.0: Radio type=0x1-0x2-0x0
[   36.861627] iwlwifi 0000:02:00.0: L1 Enabled; Disabling L0S
[   36.861842] iwlwifi 0000:02:00.0: Radio type=0x1-0x2-0x0
[   36.912381] IPv6: ADDRCONF(NETDEV_UP): wlan0: link is not ready
[   36.912768] IPv6: ADDRCONF(NETDEV_UP): wlan0: link is not ready
[   42.298987] init: plymouth-upstart-bridge main process ended, respawning
[   42.307484] init: plymouth-upstart-bridge main process (1474) terminated with status 1
[   42.307499] init: plymouth-upstart-bridge main process ended, respawning
[   44.902203] postgres (1542): /proc/1542/oom_adj is deprecated, please use /proc/1542/oom_score_adj instead.
[   63.535301] audit_printk_skb: 171 callbacks suppressed
[   63.535306] type=1400 audit(1411612867.726:87): apparmor="STATUS" operation="profile_replace" profile="unconfined" name="/usr/lib/cups/backend/cups-pdf" pid=2233 comm="apparmor_parser"
[   63.535313] type=1400 audit(1411612867.726:88): apparmor="STATUS" operation="profile_replace" profile="unconfined" name="/usr/sbin/cupsd" pid=2233 comm="apparmor_parser"
[   63.535791] type=1400 audit(1411612867.726:89): apparmor="STATUS" operation="profile_replace" profile="unconfined" name="/usr/sbin/cupsd" pid=2233 comm="apparmor_parser"
[   66.044400] init: plymouth-stop pre-start process (2536) terminated with status 1
[   67.145135] input: PS/2 Synaptics TouchPad as /devices/platform/i8042/serio1/input/input16
[   98.854949] wlan0: authenticate with 98:fc:11:4b:08:2a
[   98.859852] wlan0: send auth to 98:fc:11:4b:08:2a (try 1/3)
[   98.861673] wlan0: authenticated
[   98.864033] wlan0: associate with 98:fc:11:4b:08:2a (try 1/3)
[   98.867616] wlan0: RX AssocResp from 98:fc:11:4b:08:2a (capab=0x411 status=0 aid=1)
[   98.871937] wlan0: associated
[   98.871964] IPv6: ADDRCONF(NETDEV_CHANGE): wlan0: link becomes ready
[  228.114311] ata1.00: exception Emask 0x0 SAct 0x7fffffff SErr 0x0 action 0x0
[  228.114321] ata1.00: irq_stat 0x40000008
[  228.114329] ata1.00: failed command: WRITE FPDMA QUEUED
[  228.114343] ata1.00: cmd 61/08:68:b8:b9:40/00:00:02:00:00/40 tag 13 ncq 4096 out
[  228.114343]          res 41/04:08:bb:b9:40/00:00:02:00:00/62 Emask 0x401 (device error) <F>
[  228.114349] ata1.00: status: { DRDY ERR }
[  228.114353] ata1.00: error: { ABRT }
[  228.167481] ata1.00: configured for UDMA/100
[  228.167510] ata1: EH complete
[  232.582985] ata1.00: exception Emask 0x0 SAct 0x7fffffff SErr 0x0 action 0x0
[  232.582997] ata1.00: irq_stat 0x40000008
[  232.583006] ata1.00: failed command: WRITE FPDMA QUEUED
[  232.583019] ata1.00: cmd 61/08:f0:b8:b9:40/00:00:02:00:00/40 tag 30 ncq 4096 out
[  232.583019]          res 41/04:08:bb:b9:40/00:00:02:00:00/62 Emask 0x401 (device error) <F>
[  232.583025] ata1.00: status: { DRDY ERR }
[  232.583029] ata1.00: error: { ABRT }
[  232.636211] ata1.00: configured for UDMA/100
[  232.636274] ata1: EH complete
[  236.729272] ata1.00: exception Emask 0x0 SAct 0x7fffffff SErr 0x0 action 0x0
[  236.729283] ata1.00: irq_stat 0x40000008
[  236.729292] ata1.00: failed command: WRITE FPDMA QUEUED
[  236.729305] ata1.00: cmd 61/08:f0:b8:b9:40/00:00:02:00:00/40 tag 30 ncq 4096 out
[  236.729305]          res 41/04:08:bb:b9:40/00:00:02:00:00/62 Emask 0x401 (device error) <F>
[  236.729311] ata1.00: status: { DRDY ERR }
[  236.729315] ata1.00: error: { ABRT }
[  236.782530] ata1.00: configured for UDMA/100
[  236.782594] ata1: EH complete
[  240.742019] ata1.00: NCQ disabled due to excessive errors
[  240.742033] ata1.00: exception Emask 0x0 SAct 0x7fffffff SErr 0x0 action 0x0
[  240.742039] ata1.00: irq_stat 0x40000008
[  240.742047] ata1.00: failed command: WRITE FPDMA QUEUED
[  240.742060] ata1.00: cmd 61/08:f0:b8:b9:40/00:00:02:00:00/40 tag 30 ncq 4096 out
[  240.742060]          res 41/04:08:bb:b9:40/00:00:02:00:00/62 Emask 0x401 (device error) <F>
[  240.742066] ata1.00: status: { DRDY ERR }
[  240.742070] ata1.00: error: { ABRT }
[  240.795176] ata1.00: configured for UDMA/100
[  240.795241] ata1: EH complete
[  675.600817] ata1.00: exception Emask 0x0 SAct 0x0 SErr 0x0 action 0x6
[  675.600829] ata1.00: irq_stat 0x40000001
[  675.600837] ata1.00: failed command: WRITE DMA
[  675.600850] ata1.00: cmd ca/00:08:70:c1:26/00:00:00:00:00/e3 tag 21 dma 4096 out
[  675.600850]          res 11/04:07:70:c1:26/00:00:00:00:00/e3 Emask 0x3 (HSM violation)
[  675.600856] ata1.00: status: { ERR }
[  675.600860] ata1.00: error: { ABRT }
[  675.600870] ata1: hard resetting link
[  675.920167] ata1: SATA link up 3.0 Gbps (SStatus 123 SControl 300)
[  675.976801] ata1.00: configured for UDMA/100
[  675.992079] ata1: EH complete
[  679.956073] ata1.00: exception Emask 0x0 SAct 0x0 SErr 0x0 action 0x0
[  679.956085] ata1.00: irq_stat 0x40000001
[  679.956093] ata1.00: failed command: WRITE DMA
[  679.956106] ata1.00: cmd ca/00:08:70:c1:26/00:00:00:00:00/e3 tag 23 dma 4096 out
[  679.956106]          res 51/04:07:70:c1:26/00:00:00:00:00/e3 Emask 0x1 (device error)
[  679.956121] ata1.00: status: { DRDY ERR }
[  679.956123] ata1.00: error: { ABRT }
[  680.009912] ata1.00: configured for UDMA/100
[  680.009951] ata1: EH complete
[ 3385.435223] init: upstart-udev-bridge main process (325) terminated with status 1
[ 3385.435238] init: upstart-udev-bridge main process ended, respawning
[ 3385.435436] init: upstart-socket-bridge main process (506) terminated with status 1
[ 3385.435446] init: upstart-socket-bridge main process ended, respawning
[ 3385.435608] init: upstart-file-bridge main process (739) terminated with status 1
[ 3385.435617] init: upstart-file-bridge main process ended, respawning
[ 3395.877556] type=1400 audit(1411616200.069:90): apparmor="STATUS" operation="profile_replace" profile="unconfined" name="/usr/lib/cups/backend/cups-pdf" pid=20127 comm="apparmor_parser"
[ 3395.877968] type=1400 audit(1411616200.069:91): apparmor="STATUS" operation="profile_replace" profile="unconfined" name="/usr/sbin/cupsd" pid=20127 comm="apparmor_parser"
[ 3437.393089] SGI XFS with ACLs, security attributes, realtime, large block/inode numbers, no debug enabled
[ 3437.531945] JFS: nTxBlock = 8192, nTxLock = 65536
[ 3437.690866] NTFS driver 2.1.30 [Flags: R/O MODULE].
[ 3437.962799] QNX4 filesystem 0.2.3 registered.
[ 3438.096272] xor: automatically using best checksumming function:
[ 3438.136008]    avx       : 15991.000 MB/sec
[ 3438.240039] raid6: sse2x1    2121 MB/s
[ 3438.308028] raid6: sse2x2    2684 MB/s
[ 3438.376023] raid6: sse2x4    3086 MB/s
[ 3438.376030] raid6: using algorithm sse2x4 (3086 MB/s)
[ 3438.376034] raid6: using ssse3x2 recovery algorithm
[ 3438.524681] bio: create slab <bio-1> at 1
[ 3438.525079] Btrfs loaded
[ 7291.046098] perf samples too long (2525 > 2500), lowering kernel.perf_event_max_sample_rate to 50000
[35702.177835] type=1400 audit(1411648506.369:92): apparmor="STATUS" operation="profile_replace" profile="unconfined" name="/usr/lib/cups/backend/cups-pdf" pid=24415 comm="apparmor_parser"
[35702.177845] type=1400 audit(1411648506.369:93): apparmor="STATUS" operation="profile_replace" profile="unconfined" name="/usr/sbin/cupsd" pid=24415 comm="apparmor_parser"
[35702.178327] type=1400 audit(1411648506.369:94): apparmor="STATUS" operation="profile_replace" profile="unconfined" name="/usr/sbin/cupsd" pid=24415 comm="apparmor_parser"
[48371.136033] perf samples too long (5002 > 5000), lowering kernel.perf_event_max_sample_rate to 25000
[80788.732632] nf_conntrack: automatic helper assignment is deprecated and it will be removed soon. Use the iptables CT target to attach helpers instead.
[84115.069592] systemd-hostnamed[30953]: Warning: nss-myhostname is not installed. Changing the local hostname might make it unresolveable. Please install nss-myhostname!
[92515.612075] Peer 177.66.81.34:6881/50331 unexpectedly shrunk window 571239154:571239159 (repaired)
[92520.252067] Peer 177.66.81.34:6881/50331 unexpectedly shrunk window 571239154:571239159 (repaired)
[92529.532068] Peer 177.66.81.34:6881/50331 unexpectedly shrunk window 571239154:571239159 (repaired)
[111209.868278] cfg80211: Calling CRDA to update world regulatory domain
[111210.222683] cfg80211: World regulatory domain updated:
[111210.222688] cfg80211:   (start_freq - end_freq @ bandwidth), (max_antenna_gain, max_eirp)
[111210.222691] cfg80211:   (2402000 KHz - 2472000 KHz @ 40000 KHz), (300 mBi, 2000 mBm)
[111210.222693] cfg80211:   (2457000 KHz - 2482000 KHz @ 40000 KHz), (300 mBi, 2000 mBm)
[111210.222694] cfg80211:   (2474000 KHz - 2494000 KHz @ 20000 KHz), (300 mBi, 2000 mBm)
[111210.222696] cfg80211:   (5170000 KHz - 5250000 KHz @ 40000 KHz), (300 mBi, 2000 mBm)
[111210.222698] cfg80211:   (5735000 KHz - 5835000 KHz @ 40000 KHz), (300 mBi, 2000 mBm)
[111210.505074] wlan0: authenticate with 98:fc:11:4b:08:2a
[111210.509661] wlan0: send auth to 98:fc:11:4b:08:2a (try 1/3)
[111210.512163] wlan0: authenticated
[111210.516054] wlan0: associate with 98:fc:11:4b:08:2a (try 1/3)
[111210.519683] wlan0: RX AssocResp from 98:fc:11:4b:08:2a (capab=0x411 status=0 aid=1)
[111210.525132] wlan0: associated
[178633.918007] usb 2-1.1: USB disconnect, device number 3
[179271.664184] usb 2-1.1: new low-speed USB device number 4 using ehci-pci
[179271.761815] usb 2-1.1: New USB device found, idVendor=046d, idProduct=c016
[179271.761828] usb 2-1.1: New USB device strings: Mfr=1, Product=2, SerialNumber=0
[179271.761834] usb 2-1.1: Product: Optical USB Mouse
[179271.761838] usb 2-1.1: Manufacturer: Logitech
[179271.765319] input: Logitech Optical USB Mouse as /devices/pci0000:00/0000:00:1d.0/usb2/2-1/2-1.1/2-1.1:1.0/input/input17
[179271.765854] hid-generic 0003:046D:C016.0004: input,hidraw2: USB HID v1.10 Mouse [Logitech Optical USB Mouse] on usb-0000:00:1d.0-1.1/input0
[214195.280641] CPU0: Core temperature above threshold, cpu clock throttled (total events = 1)
[214195.280643] CPU2: Core temperature above threshold, cpu clock throttled (total events = 1)
[214195.280647] CPU1: Package temperature above threshold, cpu clock throttled (total events = 1)
[214195.280651] CPU3: Package temperature above threshold, cpu clock throttled (total events = 1)
[214195.280651] CPU2: Package temperature above threshold, cpu clock throttled (total events = 1)
[214195.280660] CPU0: Package temperature above threshold, cpu clock throttled (total events = 1)
[214195.281621] CPU2: Core temperature/speed normal
[214195.281623] CPU0: Core temperature/speed normal
[214195.281622] CPU3: Package temperature/speed normal
[214195.281624] CPU1: Package temperature/speed normal
[214195.281629] CPU0: Package temperature/speed normal
[214195.281636] CPU2: Package temperature/speed normal
[214199.812035] mce: [Hardware Error]: Machine check events logged
[252448.056248] systemd-hostnamed[23111]: Warning: nss-myhostname is not installed. Changing the local hostname might make it unresolveable. Please install nss-myhostname!
[257233.932016] Peer 177.66.81.34:6881/35289 unexpectedly shrunk window 661938637:661938642 (repaired)
[257238.460030] Peer 177.66.81.34:6881/35289 unexpectedly shrunk window 661938637:661938642 (repaired)
[257247.516028] Peer 177.66.81.34:6881/35289 unexpectedly shrunk window 661938637:661938642 (repaired)
[262338.493452] CPU0: Core temperature above threshold, cpu clock throttled (total events = 52)
[262338.493457] CPU1: Package temperature above threshold, cpu clock throttled (total events = 54)
[262338.493458] CPU2: Core temperature above threshold, cpu clock throttled (total events = 52)
[262338.493460] CPU3: Package temperature above threshold, cpu clock throttled (total events = 54)
[262338.493463] CPU2: Package temperature above threshold, cpu clock throttled (total events = 54)
[262338.493475] CPU0: Package temperature above threshold, cpu clock throttled (total events = 54)
[262338.494430] CPU0: Core temperature/speed normal
[262338.494434] CPU1: Package temperature/speed normal
[262338.494433] CPU3: Package temperature/speed normal
[262338.494434] CPU2: Core temperature/speed normal
[262338.494438] CPU2: Package temperature/speed normal
[262338.494444] CPU0: Package temperature/speed normal
[262349.812029] mce: [Hardware Error]: Machine check events logged
[269204.648055] CPU0: Core temperature above threshold, cpu clock throttled (total events = 54)
[269204.648057] CPU2: Core temperature above threshold, cpu clock throttled (total events = 54)
[269204.648063] CPU3: Package temperature above threshold, cpu clock throttled (total events = 56)
[269204.648062] CPU1: Package temperature above threshold, cpu clock throttled (total events = 56)
[269204.648063] CPU2: Package temperature above threshold, cpu clock throttled (total events = 56)
[269204.648074] CPU0: Package temperature above threshold, cpu clock throttled (total events = 56)
[269204.649054] CPU2: Core temperature/speed normal
[269204.649056] CPU0: Core temperature/speed normal
[269204.649058] CPU1: Package temperature/speed normal
[269204.649062] CPU3: Package temperature/speed normal
[269204.649060] CPU0: Package temperature/speed normal
[269204.649070] CPU2: Package temperature/speed normal
[269399.812030] mce: [Hardware Error]: Machine check events logged
[273583.992098] CPU0: Core temperature above threshold, cpu clock throttled (total events = 90)
[273583.992104] CPU3: Package temperature above threshold, cpu clock throttled (total events = 93)
[273583.992106] CPU2: Core temperature above threshold, cpu clock throttled (total events = 90)
[273583.992107] CPU1: Package temperature above threshold, cpu clock throttled (total events = 93)
[273583.992111] CPU2: Package temperature above threshold, cpu clock throttled (total events = 93)
[273583.992116] CPU0: Package temperature above threshold, cpu clock throttled (total events = 93)
[273583.993099] CPU2: Core temperature/speed normal
[273583.993099] CPU0: Core temperature/speed normal
[273583.993103] CPU3: Package temperature/speed normal
[273583.993103] CPU0: Package temperature/speed normal
[273583.993106] CPU1: Package temperature/speed normal
[273583.993113] CPU2: Package temperature/speed normal
[273600.776063] mce: [Hardware Error]: Machine check events logged
[274106.876279] CPU2: Core temperature above threshold, cpu clock throttled (total events = 102)
[274106.876281] CPU0: Core temperature above threshold, cpu clock throttled (total events = 102)
[274106.876285] CPU3: Package temperature above threshold, cpu clock throttled (total events = 105)
[274106.876287] CPU1: Package temperature above threshold, cpu clock throttled (total events = 105)
[274106.876287] CPU0: Package temperature above threshold, cpu clock throttled (total events = 105)
[274106.876301] CPU2: Package temperature above threshold, cpu clock throttled (total events = 105)
[274106.877252] CPU2: Core temperature/speed normal
[274106.877256] CPU3: Package temperature/speed normal
[274106.877257] CPU0: Core temperature/speed normal
[274106.877259] CPU1: Package temperature/speed normal
[274106.877262] CPU0: Package temperature/speed normal
[274106.877267] CPU2: Package temperature/speed normal
[274200.788038] mce: [Hardware Error]: Machine check events logged
[276068.484383] CPU0: Core temperature above threshold, cpu clock throttled (total events = 106)
[276068.484385] CPU2: Core temperature above threshold, cpu clock throttled (total events = 106)
[276068.484388] CPU3: Package temperature above threshold, cpu clock throttled (total events = 109)
[276068.484390] CPU1: Package temperature above threshold, cpu clock throttled (total events = 109)
[276068.484391] CPU2: Package temperature above threshold, cpu clock throttled (total events = 109)
[276068.484405] CPU0: Package temperature above threshold, cpu clock throttled (total events = 109)
[276068.485397] CPU0: Core temperature/speed normal
[276068.485399] CPU3: Package temperature/speed normal
[276068.485400] CPU2: Core temperature/speed normal
[276068.485402] CPU1: Package temperature/speed normal
[276068.485404] CPU2: Package temperature/speed normal
[276068.485411] CPU0: Package temperature/speed normal
[276149.812038] mce: [Hardware Error]: Machine check events logged
[300409.744484] CPU1: Core temperature above threshold, cpu clock throttled (total events = 3)
[300409.744484] CPU0: Package temperature above threshold, cpu clock throttled (total events = 110)
[300409.744488] CPU3: Core temperature above threshold, cpu clock throttled (total events = 3)
[300409.744489] CPU2: Package temperature above threshold, cpu clock throttled (total events = 110)
[300409.744493] CPU3: Package temperature above threshold, cpu clock throttled (total events = 110)
[300409.744501] CPU1: Package temperature above threshold, cpu clock throttled (total events = 110)
[300409.745486] CPU1: Core temperature/speed normal
[300409.745488] CPU0: Package temperature/speed normal
[300409.745490] CPU3: Core temperature/speed normal
[300409.745492] CPU1: Package temperature/speed normal
[300409.745492] CPU2: Package temperature/speed normal
[300409.745496] CPU3: Package temperature/speed normal
[300450.776024] mce: [Hardware Error]: Machine check events logged
[315016.548772] CPU0: Core temperature above threshold, cpu clock throttled (total events = 107)
[315016.548775] CPU2: Core temperature above threshold, cpu clock throttled (total events = 107)
[315016.548777] CPU1: Package temperature above threshold, cpu clock throttled (total events = 111)
[315016.548779] CPU3: Package temperature above threshold, cpu clock throttled (total events = 111)
[315016.548781] CPU2: Package temperature above threshold, cpu clock throttled (total events = 111)
[315016.548791] CPU0: Package temperature above threshold, cpu clock throttled (total events = 111)
[315016.549789] CPU2: Core temperature/speed normal
[315016.549789] CPU0: Core temperature/speed normal
[315016.549792] CPU3: Package temperature/speed normal
[315016.549793] CPU1: Package temperature/speed normal
[315016.549794] CPU0: Package temperature/speed normal
[315016.549805] CPU2: Package temperature/speed normal
[315150.788062] mce: [Hardware Error]: Machine check events logged
[317635.632670] ata1.00: exception Emask 0x0 SAct 0x0 SErr 0x0 action 0x0
[317635.632674] ata1.00: irq_stat 0x40000001
[317635.632677] ata1.00: failed command: WRITE DMA
[317635.632682] ata1.00: cmd ca/00:10:60:c8:af/00:00:00:00:00/e3 tag 0 dma 8192 out
[317635.632682]          res 51/04:0f:60:c8:af/00:00:00:00:00/e3 Emask 0x1 (device error)
[317635.632685] ata1.00: status: { DRDY ERR }
[317635.632686] ata1.00: error: { ABRT }
[317635.686274] ata1.00: configured for UDMA/100
[317635.686289] ata1: EH complete
[347699.681227] usb 2-1.1: USB disconnect, device number 4
[349682.892328] usb 2-1.1: new low-speed USB device number 5 using ehci-pci
[349682.988185] usb 2-1.1: New USB device found, idVendor=04f3, idProduct=0234
[349682.988202] usb 2-1.1: New USB device strings: Mfr=0, Product=2, SerialNumber=0
[349682.988212] usb 2-1.1: Product: OM
[349682.992065] input: OM as /devices/pci0000:00/0000:00:1d.0/usb2/2-1/2-1.1/2-1.1:1.0/input/input18
[349682.992553] hid-generic 0003:04F3:0234.0005: input,hidraw2: USB HID v1.11 Mouse [OM] on usb-0000:00:1d.0-1.1/input0
[351002.876070] usb 2-1.1: USB disconnect, device number 5
[351008.272138] usb 2-1.1: new low-speed USB device number 6 using ehci-pci
[351008.369542] usb 2-1.1: New USB device found, idVendor=046d, idProduct=c016
[351008.369557] usb 2-1.1: New USB device strings: Mfr=1, Product=2, SerialNumber=0
[351008.369566] usb 2-1.1: Product: Optical USB Mouse
[351008.369574] usb 2-1.1: Manufacturer: Logitech
[351008.372733] input: Logitech Optical USB Mouse as /devices/pci0000:00/0000:00:1d.0/usb2/2-1/2-1.1/2-1.1:1.0/input/input19
[351008.372994] hid-generic 0003:046D:C016.0006: input,hidraw2: USB HID v1.10 Mouse [Logitech Optical USB Mouse] on usb-0000:00:1d.0-1.1/input0
[425781.526984] CPU0: Core temperature above threshold, cpu clock throttled (total events = 110)
[425781.526984] CPU2: Core temperature above threshold, cpu clock throttled (total events = 110)
[425781.526988] CPU1: Package temperature above threshold, cpu clock throttled (total events = 114)
[425781.526989] CPU3: Package temperature above threshold, cpu clock throttled (total events = 114)
[425781.526990] CPU2: Package temperature above threshold, cpu clock throttled (total events = 114)
[425781.527004] CPU0: Package temperature above threshold, cpu clock throttled (total events = 114)
[425781.528004] CPU0: Core temperature/speed normal
[425781.528004] CPU1: Package temperature/speed normal
[425781.528007] CPU3: Package temperature/speed normal
[425781.528012] CPU2: Core temperature/speed normal
[425781.528014] CPU2: Package temperature/speed normal
[425781.528009] CPU0: Package temperature/speed normal
